Component: ARM Compiler 5.06 update 7 (build 960) Tool: armlink [4d3601]

==============================================================================

Section Cross References

    startup_stm32f103xe.o(RESET) refers to startup_stm32f103xe.o(STACK) for __initial_sp
    startup_stm32f103xe.o(RESET) refers to startup_stm32f103xe.o(.text) for Reset_Handler
    startup_stm32f103xe.o(RESET) refers to stm32f1xx_it.o(i.NMI_Handler) for NMI_Handler
    startup_stm32f103xe.o(RESET) refers to stm32f1xx_it.o(i.HardFault_Handler) for HardFault_Handler
    startup_stm32f103xe.o(RESET) refers to stm32f1xx_it.o(i.MemManage_Handler) for MemManage_Handler
    startup_stm32f103xe.o(RESET) refers to stm32f1xx_it.o(i.BusFault_Handler) for BusFault_Handler
    startup_stm32f103xe.o(RESET) refers to stm32f1xx_it.o(i.UsageFault_Handler) for UsageFault_Handler
    startup_stm32f103xe.o(RESET) refers to stm32f1xx_it.o(i.SVC_Handler) for SVC_Handler
    startup_stm32f103xe.o(RESET) refers to stm32f1xx_it.o(i.DebugMon_Handler) for DebugMon_Handler
    startup_stm32f103xe.o(RESET) refers to stm32f1xx_it.o(i.PendSV_Handler) for PendSV_Handler
    startup_stm32f103xe.o(RESET) refers to stm32f1xx_it.o(i.SysTick_Handler) for SysTick_Handler
    startup_stm32f103xe.o(RESET) refers to stm32f1xx_it.o(i.DMA1_Channel4_IRQHandler) for DMA1_Channel4_IRQHandler
    startup_stm32f103xe.o(RESET) refers to stm32f1xx_it.o(i.DMA1_Channel5_IRQHandler) for DMA1_Channel5_IRQHandler
    startup_stm32f103xe.o(RESET) refers to stm32f1xx_it.o(i.EXTI9_5_IRQHandler) for EXTI9_5_IRQHandler
    startup_stm32f103xe.o(RESET) refers to uart.o(i.USART1_IRQHandler) for USART1_IRQHandler
    startup_stm32f103xe.o(.text) refers to system_stm32f1xx.o(i.SystemInit) for SystemInit
    startup_stm32f103xe.o(.text) refers to entry.o(.ARM.Collect$$$$00000000) for __main
    lcd12864.o(i.clear_screen) refers to lcd12864.o(i.lcd_address) for lcd_address
    lcd12864.o(i.clear_screen) refers to lcd12864.o(i.transfer_data_lcd) for transfer_data_lcd
    lcd12864.o(i.display_128x64) refers to lcd12864.o(i.lcd_address) for lcd_address
    lcd12864.o(i.display_128x64) refers to lcd12864.o(i.transfer_data_lcd) for transfer_data_lcd
    lcd12864.o(i.display_GB2312_string) refers to lcd12864.o(i.get_and_write_16x16) for get_and_write_16x16
    lcd12864.o(i.display_GB2312_string) refers to lcd12864.o(i.get_and_write_8x16) for get_and_write_8x16
    lcd12864.o(i.display_GB2312_string) refers to lcd12864.o(.data) for fontaddr
    lcd12864.o(i.display_Signle_GB2312_string) refers to lcd12864.o(i.get_and_write_16x16) for get_and_write_16x16
    lcd12864.o(i.display_Signle_GB2312_string) refers to lcd12864.o(i.get_and_write_8x16) for get_and_write_8x16
    lcd12864.o(i.display_Signle_GB2312_string) refers to lcd12864.o(.data) for fontaddr
    lcd12864.o(i.display_graphic_16x16) refers to lcd12864.o(i.lcd_address) for lcd_address
    lcd12864.o(i.display_graphic_16x16) refers to lcd12864.o(i.transfer_data_lcd) for transfer_data_lcd
    lcd12864.o(i.display_graphic_32x32) refers to lcd12864.o(i.lcd_address) for lcd_address
    lcd12864.o(i.display_graphic_32x32) refers to lcd12864.o(i.transfer_data_lcd) for transfer_data_lcd
    lcd12864.o(i.display_graphic_5x8) refers to lcd12864.o(i.lcd_address) for lcd_address
    lcd12864.o(i.display_graphic_5x8) refers to lcd12864.o(i.transfer_data_lcd) for transfer_data_lcd
    lcd12864.o(i.display_graphic_8x16) refers to lcd12864.o(i.lcd_address) for lcd_address
    lcd12864.o(i.display_graphic_8x16) refers to lcd12864.o(i.transfer_data_lcd) for transfer_data_lcd
    lcd12864.o(i.display_string_5x8) refers to lcd12864.o(i.get_and_write_5x8) for get_and_write_5x8
    lcd12864.o(i.display_string_5x8) refers to lcd12864.o(.data) for fontaddr
    lcd12864.o(i.get_and_write_16x16) refers to stm32f1xx_hal_gpio.o(i.HAL_GPIO_WritePin) for HAL_GPIO_WritePin
    lcd12864.o(i.get_and_write_16x16) refers to lcd12864.o(i.send_command_to_ROM) for send_command_to_ROM
    lcd12864.o(i.get_and_write_16x16) refers to lcd12864.o(i.lcd_address) for lcd_address
    lcd12864.o(i.get_and_write_16x16) refers to lcd12864.o(i.get_data_from_ROM) for get_data_from_ROM
    lcd12864.o(i.get_and_write_16x16) refers to lcd12864.o(i.transfer_data_lcd) for transfer_data_lcd
    lcd12864.o(i.get_and_write_5x8) refers to stm32f1xx_hal_gpio.o(i.HAL_GPIO_WritePin) for HAL_GPIO_WritePin
    lcd12864.o(i.get_and_write_5x8) refers to lcd12864.o(i.send_command_to_ROM) for send_command_to_ROM
    lcd12864.o(i.get_and_write_5x8) refers to lcd12864.o(i.lcd_address) for lcd_address
    lcd12864.o(i.get_and_write_5x8) refers to lcd12864.o(i.get_data_from_ROM) for get_data_from_ROM
    lcd12864.o(i.get_and_write_5x8) refers to lcd12864.o(i.transfer_data_lcd) for transfer_data_lcd
    lcd12864.o(i.get_and_write_8x16) refers to stm32f1xx_hal_gpio.o(i.HAL_GPIO_WritePin) for HAL_GPIO_WritePin
[...]
    UART_EndRxTransfer                       0x08006d85   Thumb Code    54  stm32f1xx_hal_uart.o(i.UART_EndRxTransfer)
    i.UART_EndTransmit_IT                    0x08006dba   Section        0  stm32f1xx_hal_uart.o(i.UART_EndTransmit_IT)
    UART_EndTransmit_IT                      0x08006dbb   Thumb Code    32  stm32f1xx_hal_uart.o(i.UART_EndTransmit_IT)
    i.UART_EndTxTransfer                     0x08006dda   Section        0  stm32f1xx_hal_uart.o(i.UART_EndTxTransfer)
    UART_EndTxTransfer                       0x08006ddb   Thumb Code    20  stm32f1xx_hal_uart.o(i.UART_EndTxTransfer)
    i.UART_Receive_IT                        0x08006dee   Section        0  stm32f1xx_hal_uart.o(i.UART_Receive_IT)
    UART_Receive_IT                          0x08006def   Thumb Code   228  stm32f1xx_hal_uart.o(i.UART_Receive_IT)
    i.UART_SetConfig                         0x08006ed4   Section        0  stm32f1xx_hal_uart.o(i.UART_SetConfig)
    UART_SetConfig                           0x08006ed5   Thumb Code   248  stm32f1xx_hal_uart.o(i.UART_SetConfig)
    i.UART_Start_Receive_DMA                 0x08006fd0   Section        0  stm32f1xx_hal_uart.o(i.UART_Start_Receive_DMA)
    i.UART_Transmit_IT                       0x08007068   Section        0  stm32f1xx_hal_uart.o(i.UART_Transmit_IT)
    UART_Transmit_IT                         0x08007069   Thumb Code    96  stm32f1xx_hal_uart.o(i.UART_Transmit_IT)
    i.UART_WaitOnFlagUntilTimeout            0x080070c8   Section        0  stm32f1xx_hal_uart.o(i.UART_WaitOnFlagUntilTimeout)
    UART_WaitOnFlagUntilTimeout              0x080070c9   Thumb Code   108  stm32f1xx_hal_uart.o(i.UART_WaitOnFlagUntilTimeout)
    i.USART1_IRQHandler                      0x08007134   Section        0  uart.o(i.USART1_IRQHandler)
    i.UsageFault_Handler                     0x080071d4   Section        0  stm32f1xx_it.o(i.UsageFault_Handler)
    i.WNTSetFunc                             0x080071d8   Section        0  basicsetmenu.o(i.WNTSetFunc)
    i.WaveFollowingFunc                      0x08007540   Section        0  basicsetmenu.o(i.WaveFollowingFunc)
    i.__0sprintf                             0x0800763c   Section        0  printfa.o(i.__0sprintf)
    i.__NVIC_GetPriorityGrouping             0x08007664   Section        0  stm32f1xx_hal_cortex.o(i.__NVIC_GetPriorityGrouping)
    __NVIC_GetPriorityGrouping               0x08007665   Thumb Code    10  stm32f1xx_hal_cortex.o(i.__NVIC_GetPriorityGrouping)
    i.__NVIC_SetPriority                     0x08007674   Section        0  stm32f1xx_hal_cortex.o(i.__NVIC_SetPriority)
    __NVIC_SetPriority                       0x08007675   Thumb Code    32  stm32f1xx_hal_cortex.o(i.__NVIC_SetPriority)
    i.__read_errno                           0x0800769c   Section        0  errno.o(i.__read_errno)
    i.__scatterload_copy                     0x080076a8   Section       14  handlers.o(i.__scatterload_copy)
    i.__scatterload_null                     0x080076b6   Section        2  handlers.o(i.__scatterload_null)
    i.__scatterload_zeroinit                 0x080076b8   Section       14  handlers.o(i.__scatterload_zeroinit)
    i.__set_errno                            0x080076c8   Section        0  errno.o(i.__set_errno)
    i._fp_digits                             0x080076d4   Section        0  printfa.o(i._fp_digits)
    _fp_digits                               0x080076d5   Thumb Code   366  printfa.o(i._fp_digits)
    i._is_digit                              0x08007858   Section        0  scanf_fp.o(i._is_digit)
    i._printf_core                           0x08007868   Section        0  printfa.o(i._printf_core)
    _printf_core                             0x08007869   Thumb Code  1704  printfa.o(i._printf_core)
    i._printf_post_padding                   0x08007f1c   Section        0  printfa.o(i._printf_post_padding)
    _printf_post_padding                     0x08007f1d   Thumb Code    36  printfa.o(i._printf_post_padding)
    i._printf_pre_padding                    0x08007f40   Section        0  printfa.o(i._printf_pre_padding)
    _printf_pre_padding                      0x08007f41   Thumb Code    46  printfa.o(i._printf_pre_padding)
    i._sputc                                 0x08007f6e   Section        0  printfa.o(i._sputc)
    _sputc                                   0x08007f6f   Thumb Code    10  printfa.o(i._sputc)
    i.atof                                   0x08007f78   Section        0  atof.o(i.atof)
    i.clear_16x8                             0x08007fa2   Section        0  mainmenu.o(i.clear_16x8)
    i.clear_jindutiao                        0x08007fd4   Section        0  mainmenu.o(i.clear_jindutiao)
    i.clear_screen                           0x0800800a   Section        0  lcd12864.o(i.clear_screen)
    i.delay                                  0x08008034   Section        0  lcd12864.o(i.delay)
    i.delay_us                               0x0800804a   Section        0  lcd12864.o(i.delay_us)
    i.disp_blink_16x40                       0x08008060   Section        0  mainmenu.o(i.disp_blink_16x40)
    i.disp_blink_16x8                        0x0800809c   Section        0  mainmenu.o(i.disp_blink_16x8)
    i.disp_blink_35x24                       0x080080d8   Section        0  mainmenu.o(i.disp_blink_35x24)
    i.disp_blink_40x8                        0x08008114   Section        0  mainmenu.o(i.disp_blink_40x8)
    i.disp_blink_8x120                       0x08008150   Section        0  mainmenu.o(i.disp_blink_8x120)
    i.display_GB2312_string                  0x0800818c   Section        0  lcd12864.o(i.display_GB2312_string)
    i.display_Signle_GB2312_string           0x080082a0   Section        0  lcd12864.o(i.display_Signle_GB2312_string)
    i.display_string_5x8                     0x08008390   Section        0  lcd12864.o(i.display_string_5x8)
    i.displaymenu                            0x080083f4   Section        0  view_mgr.o(i.displaymenu)
    i.get_and_write_16x16                    0x080084e0   Section        0  lcd12864.o(i.get_and_write_16x16)
    get_and_write_16x16                      0x080084e1   Thumb Code   156  lcd12864.o(i.get_and_write_16x16)
    i.get_and_write_5x8                      0x08008580   Section        0  lcd12864.o(i.get_and_write_5x8)
    i.get_and_write_8x16                     0x080085e4   Section        0  lcd12864.o(i.get_and_write_8x16)
    i.get_data_from_ROM                      0x08008684   Section        0  lcd12864.o(i.get_data_from_ROM)
    get_data_from_ROM                        0x08008685   Thumb Code    72  lcd12864.o(i.get_data_from_ROM)
    i.initial_lcd                            0x080086d0   Section        0  lcd12864.o(i.initial_lcd)
    i.jysf                                   0x0800876c   Section        0  crc.o(i.jysf)
    i.lcd_address                            0x080087a4   Section        0  lcd12864.o(i.lcd_address)
    i.list_in                                0x080087ca   Section        0  list.o(i.list_in)
    i.list_init                              0x08008828   Section        0  list.o(i.list_init)
    i.list_out                               0x08008860   Section        0  list.o(i.list_out)
    i.main                                   0x080088c8   Section        0  main.o(i.main)
    i.main_menu_func                         0x08008940   Section        0  mainmenu.o(i.main_menu_func)
    i.main_page_init                         0x08008a1c   Section        0  mainmenu.o(i.main_page_init)
    i.menu_looper                            0x08008b00   Section        0  view_mgr.o(i.menu_looper)
    i.meunu_init                             0x08008b24   Section        0  view_mgr.o(i.meunu_init)
    i.point                                  0x08008b3c   Section        0  mainmenu.o(i.point)
    i.progress_bar_show                      0x08008b78   Section        0  mainmenu.o(i.progress_bar_show)
    i.send_command_to_ROM                    0x08008d1c   Section        0  lcd12864.o(i.send_command_to_ROM)
    i.show_boxin_page                        0x08008d74   Section        0  mainmenu.o(i.show_boxin_page)
    i.show_main_page                         0x08008f60   Section        0  mainmenu.o(i.show_main_page)
    i.transfer_command_lcd                   0x08008f84   Section        0  lcd12864.o(i.transfer_command_lcd)
    i.transfer_data                          0x08008fec   Section        0  lcd12864.o(i.transfer_data)
    i.transfer_data_lcd                      0x08009054   Section        0  lcd12864.o(i.transfer_data_lcd)
    i.uart_init                              0x080090bc   Section        0  uart.o(i.uart_init)
    i.uart_process_data                      0x080090e0   Section        0  uart.o(i.uart_process_data)
    i.uart_receive_idle                      0x08009378   Section        0  uart.o(i.uart_receive_idle)
    uart_receive_idle                        0x08009379   Thumb Code    36  uart.o(i.uart_receive_idle)
    i.update_sensor_progress                 0x080093a0   Section        0  mainmenu.o(i.update_sensor_progress)
    i.update_sensor_temp                     0x08009570   Section        0  mainmenu.o(i.update_sensor_temp)
    i.update_sensor_val                      0x080095c8   Section        0  mainmenu.o(i.update_sensor_val)
    i.wave_show                              0x08009680   Section        0  mainmenu.o(i.wave_show)
    .constdata                               0x080096fc   Section      512  crc.o(.constdata)
    table_crc_hi                             0x080096fc   Data         256  crc.o(.constdata)
    table_crc_lo                             0x080097fc   Data         256  crc.o(.constdata)
    .constdata                               0x080098fc   Section       24  system_stm32f1xx.o(.constdata)
    .constdata                               0x08009914   Section       64  ctype_c.o(.constdata)
    .conststrlit                             0x08009954   Section       86  basicsetmenu.o(.conststrlit)
    .conststrlit                             0x080099ac   Section       74  mainmenu.o(.conststrlit)
    .conststrlit                             0x080099f8   Section       50  showmenu.o(.conststrlit)
    .conststrlit                             0x08009a2c   Section       94  advanced_setting.o(.conststrlit)
    .data                                    0x20000000   Section        4  lcd12864.o(.data)
    .data                                    0x20000004   Section        8  view_mgr.o(.data)
    .data                                    0x2000000c   Section     1365  basicsetmenu.o(.data)
    .data                                    0x20000564   Section     3202  mainmenu.o(.data)
    .data                                    0x200011e8   Section      776  showmenu.o(.data)
    .data                                    0x200014f0   Section     1240  advanced_setting.o(.data)
    .data                                    0x200019c8   Section       18  main.o(.data)
    .data                                    0x200019dc   Section        9  stm32f1xx_hal.o(.data)
    .data                                    0x200019e8   Section        4  system_stm32f1xx.o(.data)
    .data                                    0x200019ec   Section       12  uart.o(.data)
    .data                                    0x200019f8   Section        1  key.o(.data)
    .data                                    0x200019fc   Section        4  errno.o(.data)
    _errno                                   0x200019fc   Data           4  errno.o(.data)
    .bss                                     0x20001a00   Section       80  mainmenu.o(.bss)
    .bss                                     0x20001a50   Section      404  main.o(.bss)
    .bss                                     0x20001be4   Section    14416  uart.o(.bss)
    uart_data_buf                            0x20001fe4   Data       12288  uart.o(.bss)
    uart_len_buf                             0x20004fe4   Data          48  uart.o(.bss)
    uart_list                                0x20005014   Data          32  uart.o(.bss)
    STACK                                    0x20005438   Section     4096  startup_stm32f103xe.o(STACK)

    Global Symbols

    Symbol Name                              Value     Ov Type        Size  Object(Section)

    BuildAttributes$$THM_ISAv4$P$D$K$B$S$PE$A:L22UL41UL21$X:L11$S22US41US21$IEEE1$IW$USESV6$~STKCKD$USESV7$~SHL$OTIME$ROPI$IEEEJ$EBA8$MICROLIB$REQ8$PRES8$EABIv2 0x00000000   Number         0  anon$$obj.o ABSOLUTE
    __ARM_use_no_argv                        0x00000000   Number         0  main.o ABSOLUTE
    _printf_a                                0x00000000   Number         0  stubs.o ABSOLUTE
    _printf_c                                0x00000000   Number         0  stubs.o ABSOLUTE
    _printf_charcount                        0x00000000   Number         0  stubs.o ABSOLUTE
    _printf_d                                0x00000000   Number         0  stubs.o ABSOLUTE
    _printf_e                                0x00000000   Number         0  stubs.o ABSOLUTE
    _printf_f                                0x00000000   Number         0  stubs.o ABSOLUTE
    _printf_flags                            0x00000000   Number         0  stubs.o ABSOLUTE
    _printf_fp_dec                           0x00000000   Number         0  stubs.o ABSOLUTE
    _printf_fp_hex                           0x00000000   Number         0  stubs.o ABSOLUTE
    _printf_g                                0x00000000   Number         0  stubs.o ABSOLUTE
    _printf_i                                0x00000000   Number         0  stubs.o ABSOLUTE
    _printf_int_dec                          0x00000000   Number         0  stubs.o ABSOLUTE
    _printf_l                                0x00000000   Number         0  stubs.o ABSOLUTE
    _printf_lc                               0x00000000   Number         0  stubs.o ABSOLUTE
    _printf_ll                               0x00000000   Number         0  stubs.o ABSOLUTE
    _printf_lld                              0x00000000   Number         0  stubs.o ABSOLUTE
    _printf_lli                              0x00000000   Number         0  stubs.o ABSOLUTE
    _printf_llo                              0x00000000   Number         0  stubs.o ABSOLUTE
    _printf_llu                              0x00000000   Number         0  stubs.o ABSOLUTE
    _printf_llx                              0x00000000   Number         0  stubs.o ABSOLUTE
    _printf_longlong_dec                     0x00000000   Number         0  stubs.o ABSOLUTE
    _printf_longlong_hex                     0x00000000   Number         0  stubs.o ABSOLUTE
    _printf_longlong_oct                     0x00000000   Number         0  stubs.o ABSOLUTE
    _printf_ls                               0x00000000   Number         0  stubs.o ABSOLUTE
    _printf_mbtowc                           0x00000000   Number         0  stubs.o ABSOLUTE
    _printf_n                                0x00000000   Number         0  stubs.o ABSOLUTE
    _printf_o                                0x00000000   Number         0  stubs.o ABSOLUTE
    _printf_p                                0x00000000   Number         0  stubs.o ABSOLUTE
    _printf_percent                          0x00000000   Number         0  stubs.o ABSOLUTE
    _printf_pre_padding                      0x00000000   Number         0  stubs.o ABSOLUTE
    _printf_return_value                     0x00000000   Number         0  stubs.o ABSOLUTE
    _printf_s                                0x00000000   Number         0  stubs.o ABSOLUTE
    _printf_sizespec                         0x00000000   Number         0  stubs.o ABSOLUTE
    _printf_str                              0x00000000   Number         0  stubs.o ABSOLUTE
    _printf_truncate_signed                  0x00000000   Number         0  stubs.o ABSOLUTE
    _printf_truncate_unsigned                0x00000000   Number         0  stubs.o ABSOLUTE
    _printf_u                                0x00000000   Number         0  stubs.o ABSOLUTE
    _printf_wc                               0x00000000   Number         0  stubs.o ABSOLUTE
    _printf_wctomb                           0x00000000   Number         0  stubs.o ABSOLUTE
    _printf_widthprec                        0x00000000   Number         0  stubs.o ABSOLUTE
    _printf_x                                0x00000000   Number         0  stubs.o ABSOLUTE
    __arm_fini_                               - Undefined Weak Reference
    __cpp_initialize__aeabi_                  - Undefined Weak Reference
    __cxa_finalize                            - Undefined Weak Reference
    _clock_init                               - Undefined Weak Reference
    _microlib_exit                            - Undefined Weak Reference
    __Vectors_Size                           0x00000130   Number         0  startup_stm32f103xe.o ABSOLUTE
    __Vectors                                0x08000000   Data           4  startup_stm32f103xe.o(RESET)
    __Vectors_End                            0x08000130   Data           0  startup_stm32f103xe.o(RESET)
    __main                                   0x08000131   Thumb Code     0  entry.o(.ARM.Collect$$$$00000000)
    _main_stk                                0x08000131   Thumb Code     0  entry2.o(.ARM.Collect$$$$00000001)
    _main_scatterload                        0x08000135   Thumb Code     0  entry5.o(.ARM.Collect$$$$00000004)
    __main_after_scatterload                 0x08000139   Thumb Code     0  entry5.o(.ARM.Collect$$$$00000004)
    _main_clock                              0x08000139   Thumb Code     0  entry7b.o(.ARM.Collect$$$$00000008)
    _main_cpp_init                           0x08000139   Thumb Code     0  entry8b.o(.ARM.Collect$$$$0000000A)
    _main_init                               0x08000139   Thumb Code     0  entry9a.o(.ARM.Collect$$$$0000000B)
    __rt_lib_shutdown_fini                   0x08000141   Thumb Code     0  entry12b.o(.ARM.Collect$$$$0000000E)
    __rt_final_cpp                           0x08000145   Thumb Code     0  entry10a.o(.ARM.Collect$$$$0000000F)
    __rt_final_exit                          0x08000145   Thumb Code     0  entry11a.o(.ARM.Collect$$$$00000011)
    Reset_Handler                            0x08000149   Thumb Code     8  startup_stm32f103xe.o(.text)
    ADC1_2_IRQHandler                        0x08000163   Thumb Code     0  startup_stm32f103xe.o(.text)
    ADC3_IRQHandler                          0x08000163   Thumb Code     0  startup_stm32f103xe.o(.text)
    CAN1_RX1_IRQHandler                      0x08000163   Thumb Code     0  startup_stm32f103xe.o(.text)
    CAN1_SCE_IRQHandler                      0x08000163   Thumb Code     0  startup_stm32f103xe.o(.text)
    DMA1_Channel1_IRQHandler                 0x08000163   Thumb Code     0  startup_stm32f103xe.o(.text)
    DMA1_Channel2_IRQHandler                 0x08000163   Thumb Code     0  startup_stm32f103xe.o(.text)
    DMA1_Channel3_IRQHandler                 0x08000163   Thumb Code     0  startup_stm32f103xe.o(.text)
    DMA1_Channel6_IRQHandler                 0x08000163   Thumb Code     0  startup_stm32f103xe.o(.text)
    DMA1_Channel7_IRQHandler                 0x08000163   Thumb Code     0  startup_stm32f103xe.o(.text)
    DMA2_Channel1_IRQHandler                 0x08000163   Thumb Code     0  startup_stm32f103xe.o(.text)
    DMA2_Channel2_IRQHandler                 0x08000163   Thumb Code     0  startup_stm32f103xe.o(.text)
    DMA2_Channel3_IRQHandler                 0x08000163   Thumb Code     0  startup_stm32f103xe.o(.text)
    DMA2_Channel4_5_IRQHandler               0x08000163   Thumb Code     0  startup_stm32f103xe.o(.text)
    EXTI0_IRQHandler                         0x08000163   Thumb Code     0  startup_stm32f103xe.o(.text)
    EXTI15_10_IRQHandler                     0x08000163   Thumb Code     0  startup_stm32f103xe.o(.text)
    EXTI1_IRQHandler                         0x08000163   Thumb Code     0  startup_stm32f103xe.o(.text)
    EXTI2_IRQHandler                         0x08000163   Thumb Code     0  startup_stm32f103xe.o(.text)
    EXTI3_IRQHandler                         0x08000163   Thumb Code     0  startup_stm32f103xe.o(.text)
    EXTI4_IRQHandler                         0x08000163   Thumb Code     0  startup_stm32f103xe.o(.text)
    FLASH_IRQHandler                         0x08000163   Thumb Code     0  startup_stm32f103xe.o(.text)
    FSMC_IRQHandler                          0x08000163   Thumb Code     0  startup_stm32f103xe.o(.text)
    I2C1_ER_IRQHandler                       0x08000163   Thumb Code     0  startup_stm32f103xe.o(.text)
    I2C1_EV_IRQHandler                       0x08000163   Thumb Code     0  startup_stm32f103xe.o(.text)
    I2C2_ER_IRQHandler                       0x08000163   Thumb Code     0  startup_stm32f103xe.o(.text)
    I2C2_EV_IRQHandler                       0x08000163   Thumb Code     0  startup_stm32f103xe.o(.text)
    PVD_IRQHandler                           0x08000163   Thumb Code     0  startup_stm32f103xe.o(.text)
    RCC_IRQHandler                           0x08000163   Thumb Code     0  startup_stm32f103xe.o(.text)
    RTC_Alarm_IRQHandler                     0x08000163   Thumb Code     0  startup_stm32f103xe.o(.text)
    RTC_IRQHandler                           0x08000163   Thumb Code     0  startup_stm32f103xe.o(.text)
    SDIO_IRQHandler                          0x08000163   Thumb Code     0  startup_stm32f103xe.o(.text)
    SPI1_IRQHandler                          0x08000163   Thumb Code     0  startup_stm32f103xe.o(.text)
    SPI2_IRQHandler                          0x08000163   Thumb Code     0  startup_stm32f103xe.o(.text)
    SPI3_IRQHandler                          0x08000163   Thumb Code     0  startup_stm32f103xe.o(.text)
    TAMPER_IRQHandler                        0x08000163   Thumb Code     0  startup_stm32f103xe.o(.text)
    TIM1_BRK_IRQHandler                      0x08000163   Thumb Code     0  startup_stm32f103xe.o(.text)
    TIM1_CC_IRQHandler                       0x08000163   Thumb Code     0  startup_stm32f103xe.o(.text)
    TIM1_TRG_COM_IRQHandler                  0x08000163   Thumb Code     0  startup_stm32f103xe.o(.text)
    TIM1_UP_IRQHandler                       0x08000163   Thumb Code     0  startup_stm32f103xe.o(.text)
    TIM2_IRQHandler                          0x08000163   Thumb Code     0  startup_stm32f103xe.o(.text)
    TIM3_IRQHandler                          0x08000163   Thumb Code     0  startup_stm32f103xe.o(.text)
    TIM4_IRQHandler                          0x08000163   Thumb Code     0  startup_stm32f103xe.o(.text)
    TIM5_IRQHandler                          0x08000163   Thumb Code     0  startup_stm32f103xe.o(.text)
    TIM6_IRQHandler                          0x08000163   Thumb Code     0  startup_stm32f103xe.o(.text)
    TIM7_IRQHandler                          0x08000163   Thumb Code     0  startup_stm32f103xe.o(.text)
    TIM8_BRK_IRQHandler                      0x08000163   Thumb Code     0  startup_stm32f103xe.o(.text)
    TIM8_CC_IRQHandler                       0x08000163   Thumb Code     0  startup_stm32f103xe.o(.text)
    TIM8_TRG_COM_IRQHandler                  0x08000163   Thumb Code     0  startup_stm32f103xe.o(.text)
    TIM8_UP_IRQHandler                       0x08000163   Thumb Code     0  startup_stm32f103xe.o(.text)
    UART4_IRQHandler                         0x08000163   Thumb Code     0  startup_stm32f103xe.o(.text)
    UART5_IRQHandler                         0x08000163   Thumb Code     0  startup_stm32f103xe.o(.text)
    USART2_IRQHandler                        0x08000163   Thumb Code     0  startup_stm32f103xe.o(.text)
    USART3_IRQHandler                        0x08000163   Thumb Code     0  startup_stm32f103xe.o(.text)
    USBWakeUp_IRQHandler                     0x08000163   Thumb Code     0  startup_stm32f103xe.o(.text)
    USB_HP_CAN1_TX_IRQHandler                0x08000163   Thumb Code     0  startup_stm32f103xe.o(.text)
    USB_LP_CAN1_RX0_IRQHandler               0x08000163   Thumb Code     0  startup_stm32f103xe.o(.text)
    WWDG_IRQHandler                          0x08000163   Thumb Code     0  startup_stm32f103xe.o(.text)
    __aeabi_llsr                             0x0800016d   Thumb Code    32  llushr.o(.text)
    _ll_ushift_r                             0x0800016d   Thumb Code     0  llushr.o(.text)
    __aeabi_memcpy                           0x0800018d   Thumb Code    36  memcpya.o(.text)
    __aeabi_memcpy4                          0x0800018d   Thumb Code     0  memcpya.o(.text)
    __aeabi_memcpy8                          0x0800018d   Thumb Code     0  memcpya.o(.text)
    __aeabi_memset                           0x080001b1   Thumb Code    14  memseta.o(.text)
    __aeabi_memset4                          0x080001b1   Thumb Code     0  memseta.o(.text)
    __aeabi_memset8                          0x080001b1   Thumb Code     0  memseta.o(.text)
    __aeabi_memclr                           0x080001bf   Thumb Code     4  memseta.o(.text)
    __aeabi_memclr4                          0x080001bf   Thumb Code     0  memseta.o(.text)
    __aeabi_memclr8                          0x080001bf   Thumb Code     0  memseta.o(.text)
    _memset$wrapper                          0x080001c3   Thumb Code    18  memseta.o(.text)
    strlen                                   0x080001d5   Thumb Code    14  strlen.o(.text)
    strncmp                                  0x080001e3   Thumb Code    30  strncmp.o(.text)
    __aeabi_fadd                             0x08000201   Thumb Code   164  fadd.o(.text)
    __aeabi_fsub                             0x080002a5   Thumb Code     6  fadd.o(.text)
    __aeabi_frsub                            0x080002ab   Thumb Code     6  fadd.o(.text)
    __aeabi_fmul                             0x080002b1   Thumb Code   100  fmul.o(.text)
    __aeabi_fdiv                             0x08000315   Thumb Code   124  fdiv.o(.text)
    __aeabi_dadd                             0x08000391   Thumb Code   322  dadd.o(.text)
    __aeabi_dsub                             0x080004d3   Thumb Code     6  dadd.o(.text)
    __aeabi_drsub                            0x080004d9   Thumb Code     6  dadd.o(.text)
    __aeabi_dmul                             0x080004df   Thumb Code   228  dmul.o(.text)
    __aeabi_ddiv                             0x080005c3   Thumb Code   222  ddiv.o(.text)
    __aeabi_i2f                              0x080006a1   Thumb Code    18  fflti.o(.text)
    __aeabi_ui2f                             0x080006b3   Thumb Code    10  ffltui.o(.text)
    __aeabi_ui2d                             0x080006bd   Thumb Code    26  dfltui.o(.text)
    __aeabi_f2iz                             0x080006d7   Thumb Code    50  ffixi.o(.text)
    __aeabi_f2uiz                            0x08000709   Thumb Code    40  ffixui.o(.text)
    __aeabi_d2uiz                            0x08000731   Thumb Code    50  dfixui.o(.text)
    __aeabi_f2d                              0x08000763   Thumb Code    38  f2d.o(.text)
    __aeabi_cdcmpeq                          0x08000789   Thumb Code     0  cdcmple.o(.text)
    __aeabi_cdcmple                          0x08000789   Thumb Code    48  cdcmple.o(.text)
    __aeabi_cdrcmple                         0x080007b9   Thumb Code    48  cdrcmple.o(.text)
    __aeabi_d2f                              0x080007e9   Thumb Code    56  d2f.o(.text)
    __aeabi_uidiv                            0x08000821   Thumb Code     0  uidiv.o(.text)
    __aeabi_uidivmod                         0x08000821   Thumb Code    44  uidiv.o(.text)
    __aeabi_uldivmod                         0x0800084d   Thumb Code    98  uldiv.o(.text)
    __aeabi_llsl                             0x080008af   Thumb Code    30  llshl.o(.text)
    _ll_shift_l                              0x080008af   Thumb Code     0  llshl.o(.text)
    __aeabi_lasr                             0x080008cd   Thumb Code    36  llsshr.o(.text)
    _ll_sshift_r                             0x080008cd   Thumb Code     0  llsshr.o(.text)
    __strtod_int                             0x08000927   Thumb Code    90  strtod.o(.text)
    __I$use$fp                               0x0800098d   Thumb Code     0  iusefp.o(.text)
    _float_round                             0x0800098d   Thumb Code    18  fepilogue.o(.text)
    _float_epilogue                          0x0800099f   Thumb Code    92  fepilogue.o(.text)
    _double_round                            0x080009fb   Thumb Code    30  depilogue.o(.text)
    _double_epilogue                         0x08000a19   Thumb Code   156  depilogue.o(.text)
    __aeabi_d2ulz                            0x08000ab5   Thumb Code    48  dfixul.o(.text)
    __scatterload                            0x08000ae5   Thumb Code    28  init.o(.text)
    __scatterload_rt2                        0x08000ae5   Thumb Code     0  init.o(.text)
    isspace                                  0x08000b09   Thumb Code    10  isspace_c.o(.text)
    _scanf_real                              0x08000c3d   Thumb Code     0  scanf_fp.o(.text)
    _scanf_really_real                       0x08000c3d   Thumb Code   556  scanf_fp.o(.text)
    _sgetc                                   0x08000e75   Thumb Code    30  _sgetc.o(.text)
    _sbackspace                              0x08000e93   Thumb Code    34  _sgetc.o(.text)
    __ctype_lookup                           0x08000eb5   Thumb Code    34  ctype_c.o(.text)
    __aeabi_ul2d                             0x08000edd   Thumb Code    24  dfltul.o(.text)
    __decompress                             0x08000ef5   Thumb Code     0  __dczerorl2.o(.text)
    __decompress1                            0x08000ef5   Thumb Code    86  __dczerorl2.o(.text)
    ADC_ConversionStop_Disable               0x08000f4b   Thumb Code    92  stm32f1xx_hal_adc.o(i.ADC_ConversionStop_Disable)
    ADC_DMAConvCplt                          0x08000fa7   Thumb Code    82  stm32f1xx_hal_adc.o(i.ADC_DMAConvCplt)
    ADC_DMAError                             0x08000ff9   Thumb Code    30  stm32f1xx_hal_adc.o(i.ADC_DMAError)
    ADC_DMAHalfConvCplt                      0x08001017   Thumb Code    14  stm32f1xx_hal_adc.o(i.ADC_DMAHalfConvCplt)
    ADC_Enable                               0x08001025   Thumb Code   134  stm32f1xx_hal_adc.o(i.ADC_Enable)
    AdvSetFunc                               0x080010b5   Thumb Code   312  advanced_setting.o(i.AdvSetFunc)
    AdvSettMenuInit                          0x080011f1   Thumb Code   160  advanced_setting.o(i.AdvSettMenuInit)
    Amplitude_Range_Func                     0x080012f9   Thumb Code   830  showmenu.o(i.Amplitude_Range_Func)
    BasicSetFunc                             0x08001641   Thumb Code   312  basicsetmenu.o(i.BasicSetFunc)
    BasicSetMenuInit                         0x0800177d   Thumb Code   178  basicsetmenu.o(i.BasicSetMenuInit)
    BlindFunc                                0x080018a9   Thumb Code   672  basicsetmenu.o(i.BlindFunc)
    BusFault_Handler                         0x08001b51   Thumb Code     4  stm32f1xx_it.o(i.BusFault_Handler)
    ClutterUpdateFunc                        0x08001b55   Thumb Code   312  advanced_setting.o(i.ClutterUpdateFunc)
    CompanyAreaFunc                          0x08001c91   Thumb Code   258  showmenu.o(i.CompanyAreaFunc)
    CurrentOutPuFunc                         0x08001dbd   Thumb Code   242  basicsetmenu.o(i.CurrentOutPuFunc)
    Curve_RangeMenuFunc                      0x08001ec9   Thumb Code   830  showmenu.o(i.Curve_RangeMenuFunc)
    DMA1_Channel4_IRQHandler                 0x08002211   Thumb Code    10  stm32f1xx_it.o(i.DMA1_Channel4_IRQHandler)
    DMA1_Channel5_IRQHandler                 0x08002221   Thumb Code    10  stm32f1xx_it.o(i.DMA1_Channel5_IRQHandler)
    DampingCoefficientFunc                   0x0800225d   Thumb Code   676  advanced_setting.o(i.DampingCoefficientFunc)
    DampingTimeFunc                          0x08002509   Thumb Code   676  advanced_setting.o(i.DampingTimeFunc)
    DebugMon_Handler                         0x080027b5   Thumb Code     2  stm32f1xx_it.o(i.DebugMon_Handler)
    DistanceFunc                             0x080027b9   Thumb Code   828  basicsetmenu.o(i.DistanceFunc)
    EXTI9_5_IRQHandler                       0x08002afd   Thumb Code   102  stm32f1xx_it.o(i.EXTI9_5_IRQHandler)
    Error_Handler                            0x08002b69   Thumb Code     2  main.o(i.Error_Handler)
    FToStr1                                  0x08002b6d   Thumb Code   228  mainmenu.o(i.FToStr1)
    Fun                                      0x08002c55   Thumb Code    14  view_mgr.o(i.Fun)
    GainFunc                                 0x08002c65   Thumb Code   832  basicsetmenu.o(i.GainFunc)
    HAL_ADCEx_Calibration_Start              0x08002fad   Thumb Code   276  stm32f1xx_hal_adc_ex.o(i.HAL_ADCEx_Calibration_Start)
    HAL_ADC_ConfigChannel                    0x080030c5   Thumb Code   338  stm32f1xx_hal_adc.o(i.HAL_ADC_ConfigChannel)
    HAL_ADC_ConvCpltCallback                 0x08003225   Thumb Code     2  stm32f1xx_hal_adc.o(i.HAL_ADC_ConvCpltCallback)
    HAL_ADC_ConvHalfCpltCallback             0x08003227   Thumb Code     2  stm32f1xx_hal_adc.o(i.HAL_ADC_ConvHalfCpltCallback)
    HAL_ADC_ErrorCallback                    0x08003229   Thumb Code     2  stm32f1xx_hal_adc.o(i.HAL_ADC_ErrorCallback)
    HAL_ADC_Init                             0x0800322d   Thumb Code   340  stm32f1xx_hal_adc.o(i.HAL_ADC_Init)
    HAL_ADC_MspInit                          0x0800338d   Thumb Code   122  stm32f1xx_hal_msp.o(i.HAL_ADC_MspInit)
    HAL_ADC_Start_DMA                        0x08003419   Thumb Code   362  stm32f1xx_hal_adc.o(i.HAL_ADC_Start_DMA)
    HAL_DMA_Abort                            0x08003599   Thumb Code    86  stm32f1xx_hal_dma.o(i.HAL_DMA_Abort)
    HAL_DMA_Abort_IT                         0x080035f1   Thumb Code   414  stm32f1xx_hal_dma.o(i.HAL_DMA_Abort_IT)
    HAL_DMA_IRQHandler                       0x08003799   Thumb Code   910  stm32f1xx_hal_dma.o(i.HAL_DMA_IRQHandler)
    HAL_DMA_Init                             0x08003b31   Thumb Code   132  stm32f1xx_hal_dma.o(i.HAL_DMA_Init)
    HAL_DMA_Start_IT                         0x08003bbd   Thumb Code   156  stm32f1xx_hal_dma.o(i.HAL_DMA_Start_IT)
    HAL_Delay                                0x08003c59   Thumb Code    36  stm32f1xx_hal.o(i.HAL_Delay)
    HAL_GPIO_EXTI_Callback                   0x08003c81   Thumb Code     2  stm32f1xx_hal_gpio.o(i.HAL_GPIO_EXTI_Callback)
    HAL_GPIO_EXTI_IRQHandler                 0x08003c85   Thumb Code    24  stm32f1xx_hal_gpio.o(i.HAL_GPIO_EXTI_IRQHandler)
    HAL_GPIO_Init                            0x08003ca1   Thumb Code   792  stm32f1xx_hal_gpio.o(i.HAL_GPIO_Init)
    HAL_GPIO_ReadPin                         0x08003fe1   Thumb Code    16  stm32f1xx_hal_gpio.o(i.HAL_GPIO_ReadPin)
    HAL_GPIO_WritePin                        0x08003ff1   Thumb Code    12  stm32f1xx_hal_gpio.o(i.HAL_GPIO_WritePin)
    HAL_GetTick                              0x08003ffd   Thumb Code     6  stm32f1xx_hal.o(i.HAL_GetTick)
    HAL_IncTick                              0x08004009   Thumb Code    16  stm32f1xx_hal.o(i.HAL_IncTick)
    HAL_Init                                 0x08004021   Thumb Code    34  stm32f1xx_hal.o(i.HAL_Init)
    HAL_InitTick                             0x08004049   Thumb Code    64  stm32f1xx_hal.o(i.HAL_InitTick)
    HAL_MspInit                              0x08004095   Thumb Code    58  stm32f1xx_hal_msp.o(i.HAL_MspInit)
    HAL_NVIC_EnableIRQ                       0x080040d5   Thumb Code    32  stm32f1xx_hal_cortex.o(i.HAL_NVIC_EnableIRQ)
    HAL_NVIC_SetPriority                     0x080040f5   Thumb Code   124  stm32f1xx_hal_cortex.o(i.HAL_NVIC_SetPriority)
    HAL_NVIC_SetPriorityGrouping             0x08004171   Thumb Code    32  stm32f1xx_hal_cortex.o(i.HAL_NVIC_SetPriorityGrouping)
    HAL_RCCEx_GetPeriphCLKFreq               0x08004199   Thumb Code   276  stm32f1xx_hal_rcc_ex.o(i.HAL_RCCEx_GetPeriphCLKFreq)
    HAL_RCC_ClockConfig                      0x080042cd   Thumb Code   376  stm32f1xx_hal_rcc.o(i.HAL_RCC_ClockConfig)
    HAL_RCC_GetHCLKFreq                      0x08004459   Thumb Code     6  stm32f1xx_hal_rcc.o(i.HAL_RCC_GetHCLKFreq)
    HAL_RCC_GetPCLK1Freq                     0x08004465   Thumb Code    22  stm32f1xx_hal_rcc.o(i.HAL_RCC_GetPCLK1Freq)
    HAL_RCC_GetPCLK2Freq                     0x08004485   Thumb Code    22  stm32f1xx_hal_rcc.o(i.HAL_RCC_GetPCLK2Freq)
    HAL_RCC_GetSysClockFreq                  0x080044a5   Thumb Code   116  stm32f1xx_hal_rcc.o(i.HAL_RCC_GetSysClockFreq)
    HAL_RCC_OscConfig                        0x08004539   Thumb Code  1114  stm32f1xx_hal_rcc.o(i.HAL_RCC_OscConfig)
    HAL_SYSTICK_Config                       0x0800499d   Thumb Code    52  stm32f1xx_hal_cortex.o(i.HAL_SYSTICK_Config)
    HAL_UARTEx_RxEventCallback               0x080049d1   Thumb Code     2  stm32f1xx_hal_uart.o(i.HAL_UARTEx_RxEventCallback)
    HAL_UART_DMAResume                       0x080049d3   Thumb Code   126  stm32f1xx_hal_uart.o(i.HAL_UART_DMAResume)
    HAL_UART_DMAStop                         0x08004a51   Thumb Code   102  stm32f1xx_hal_uart.o(i.HAL_UART_DMAStop)
    HAL_UART_ErrorCallback                   0x08004ab7   Thumb Code     2  stm32f1xx_hal_uart.o(i.HAL_UART_ErrorCallback)
    HAL_UART_IRQHandler                      0x08004ab9   Thumb Code   582  stm32f1xx_hal_uart.o(i.HAL_UART_IRQHandler)
    HAL_UART_Init                            0x08004d05   Thumb Code   114  stm32f1xx_hal_uart.o(i.HAL_UART_Init)
    HAL_UART_MspInit                         0x08004d79   Thumb Code   240  stm32f1xx_hal_msp.o(i.HAL_UART_MspInit)
    HAL_UART_Receive_DMA                     0x08004e81   Thumb Code    66  stm32f1xx_hal_uart.o(i.HAL_UART_Receive_DMA)
    HAL_UART_RxCpltCallback                  0x08004ec3   Thumb Code     2  stm32f1xx_hal_uart.o(i.HAL_UART_RxCpltCallback)
    HAL_UART_RxHalfCpltCallback              0x08004ec5   Thumb Code     2  stm32f1xx_hal_uart.o(i.HAL_UART_RxHalfCpltCallback)
    HAL_UART_Transmit                        0x08004ec7   Thumb Code   210  stm32f1xx_hal_uart.o(i.HAL_UART_Transmit)
    HAL_UART_TxCpltCallback                  0x08004f99   Thumb Code     2  stm32f1xx_hal_uart.o(i.HAL_UART_TxCpltCallback)
    HardFault_Handler                        0x08004f9b   Thumb Code     4  stm32f1xx_it.o(i.HardFault_Handler)
    HighlowAdjFunc                           0x08004fa1   Thumb Code   830  basicsetmenu.o(i.HighlowAdjFunc)
    KEY_Scan                                 0x080052e9   Thumb Code   146  key.o(i.KEY_Scan)
    Key_Init                                 0x08005385   Thumb Code    84  key.o(i.Key_Init)
    LanguageFunc                             0x080053e5   Thumb Code   242  showmenu.o(i.LanguageFunc)
    ListMenuFunc                             0x080054f1   Thumb Code   312  mainmenu.o(i.ListMenuFunc)
    LocalSettings1Func                       0x0800562d   Thumb Code   792  advanced_setting.o(i.LocalSettings1Func)
    LocalSettings2Func                       0x0800594d   Thumb Code   792  advanced_setting.o(i.LocalSettings2Func)
    LocalSettings3Func                       0x08005c6d   Thumb Code   792  advanced_setting.o(i.LocalSettings3Func)
    MainMeunuInit                            0x08006105   Thumb Code    62  mainmenu.o(i.MainMeunuInit)
    MaterialFunc                             0x0800616d   Thumb Code   258  basicsetmenu.o(i.MaterialFunc)
    MemManage_Handler                        0x08006291   Thumb Code     4  stm32f1xx_it.o(i.MemManage_Handler)
    NMI_Handler                              0x08006295   Thumb Code     2  stm32f1xx_it.o(i.NMI_Handler)
    NoSignalOutputFunc                       0x08006299   Thumb Code   258  advanced_setting.o(i.NoSignalOutputFunc)
    PendSV_Handler                           0x080063bd   Thumb Code     2  stm32f1xx_it.o(i.PendSV_Handler)
    RangeFunc                                0x080063e9   Thumb Code   672  basicsetmenu.o(i.RangeFunc)
    SVC_Handler                              0x08006691   Thumb Code     2  stm32f1xx_it.o(i.SVC_Handler)
    ShowFunc                                 0x08006695   Thumb Code   312  showmenu.o(i.ShowFunc)
    ShowMenuInit                             0x080067d1   Thumb Code   106  showmenu.o(i.ShowMenuInit)
    Show_Contents_Func                       0x08006885   Thumb Code   242  showmenu.o(i.Show_Contents_Func)
    SysTick_Handler                          0x08006991   Thumb Code     8  stm32f1xx_it.o(i.SysTick_Handler)
    SystemClock_Config                       0x08006999   Thumb Code    80  main.o(i.SystemClock_Config)
    SystemInit                               0x080069e9   Thumb Code     2  system_stm32f1xx.o(i.SystemInit)
    ThresholdSettingsFunc                    0x080069ed   Thumb Code   676  advanced_setting.o(i.ThresholdSettingsFunc)
    UART_Start_Receive_DMA                   0x08006fd1   Thumb Code   138  stm32f1xx_hal_uart.o(i.UART_Start_Receive_DMA)
    USART1_IRQHandler                        0x08007135   Thumb Code   148  uart.o(i.USART1_IRQHandler)
    UsageFault_Handler                       0x080071d5   Thumb Code     4  stm32f1xx_it.o(i.UsageFault_Handler)
    WNTSetFunc                               0x080071d9   Thumb Code   864  basicsetmenu.o(i.WNTSetFunc)
    WaveFollowingFunc                        0x08007541   Thumb Code   236  basicsetmenu.o(i.WaveFollowingFunc)
    __0sprintf                               0x0800763d   Thumb Code    34  printfa.o(i.__0sprintf)
    __1sprintf                               0x0800763d   Thumb Code     0  printfa.o(i.__0sprintf)
    __2sprintf                               0x0800763d   Thumb Code     0  printfa.o(i.__0sprintf)
    __c89sprintf                             0x0800763d   Thumb Code     0  printfa.o(i.__0sprintf)
    sprintf                                  0x0800763d   Thumb Code     0  printfa.o(i.__0sprintf)
    __read_errno                             0x0800769d   Thumb Code     6  errno.o(i.__read_errno)
    __scatterload_copy                       0x080076a9   Thumb Code    14  handlers.o(i.__scatterload_copy)
    __scatterload_null                       0x080076b7   Thumb Code     2  handlers.o(i.__scatterload_null)
    __scatterload_zeroinit                   0x080076b9   Thumb Code    14  handlers.o(i.__scatterload_zeroinit)
    __set_errno                              0x080076c9   Thumb Code     6  errno.o(i.__set_errno)
    _is_digit                                0x08007859   Thumb Code    14  scanf_fp.o(i._is_digit)
    atof                                     0x08007f79   Thumb Code    42  atof.o(i.atof)
    clear_16x8                               0x08007fa3   Thumb Code    50  mainmenu.o(i.clear_16x8)
    clear_jindutiao                          0x08007fd5   Thumb Code    54  mainmenu.o(i.clear_jindutiao)
    clear_screen                             0x0800800b   Thumb Code    42  lcd12864.o(i.clear_screen)
    delay                                    0x08008035   Thumb Code    22  lcd12864.o(i.delay)
    delay_us                                 0x0800804b   Thumb Code    22  lcd12864.o(i.delay_us)
    disp_blink_16x40                         0x08008061   Thumb Code    60  mainmenu.o(i.disp_blink_16x40)
    disp_blink_16x8                          0x0800809d   Thumb Code    60  mainmenu.o(i.disp_blink_16x8)
    disp_blink_35x24                         0x080080d9   Thumb Code    60  mainmenu.o(i.disp_blink_35x24)
    disp_blink_40x8                          0x08008115   Thumb Code    60  mainmenu.o(i.disp_blink_40x8)
    disp_blink_8x120                         0x08008151   Thumb Code    60  mainmenu.o(i.disp_blink_8x120)
    display_GB2312_string                    0x0800818d   Thumb Code   266  lcd12864.o(i.display_GB2312_string)
    display_Signle_GB2312_string             0x080082a1   Thumb Code   230  lcd12864.o(i.display_Signle_GB2312_string)
    display_string_5x8                       0x08008391   Thumb Code    90  lcd12864.o(i.display_string_5x8)
    displaymenu                              0x080083f5   Thumb Code   226  view_mgr.o(i.displaymenu)
    get_and_write_5x8                        0x08008581   Thumb Code    94  lcd12864.o(i.get_and_write_5x8)
    get_and_write_8x16                       0x080085e5   Thumb Code   156  lcd12864.o(i.get_and_write_8x16)
    initial_lcd                              0x080086d1   Thumb Code   150  lcd12864.o(i.initial_lcd)
    jysf                                     0x0800876d   Thumb Code    48  crc.o(i.jysf)
    lcd_address                              0x080087a5   Thumb Code    38  lcd12864.o(i.lcd_address)
    list_in                                  0x080087cb   Thumb Code    94  list.o(i.list_in)
    list_init                                0x08008829   Thumb Code    56  list.o(i.list_init)
    list_out                                 0x08008861   Thumb Code   102  list.o(i.list_out)
    main                                     0x080088c9   Thumb Code   100  main.o(i.main)
    main_menu_func                           0x08008941   Thumb Code   196  mainmenu.o(i.main_menu_func)
    main_page_init                           0x08008a1d   Thumb Code   172  mainmenu.o(i.main_page_init)
    menu_looper                              0x08008b01   Thumb Code    32  view_mgr.o(i.menu_looper)
    meunu_init                               0x08008b25   Thumb Code    24  view_mgr.o(i.meunu_init)
    point                                    0x08008b3d   Thumb Code    60  mainmenu.o(i.point)
    progress_bar_show                        0x08008b79   Thumb Code   408  mainmenu.o(i.progress_bar_show)
    send_command_to_ROM                      0x08008d1d   Thumb Code    82  lcd12864.o(i.send_command_to_ROM)
    show_boxin_page                          0x08008d75   Thumb Code   414  mainmenu.o(i.show_boxin_page)
    show_main_page                           0x08008f61   Thumb Code    26  mainmenu.o(i.show_main_page)
    transfer_command_lcd                     0x08008f85   Thumb Code   100  lcd12864.o(i.transfer_command_lcd)
    transfer_data                            0x08008fed   Thumb Code    98  lcd12864.o(i.transfer_data)
    transfer_data_lcd                        0x08009055   Thumb Code   100  lcd12864.o(i.transfer_data_lcd)
    uart_init                                0x080090bd   Thumb Code    22  uart.o(i.uart_init)
    uart_process_data                        0x080090e1   Thumb Code   554  uart.o(i.uart_process_data)
    update_sensor_progress                   0x080093a1   Thumb Code   434  mainmenu.o(i.update_sensor_progress)
    update_sensor_temp                       0x08009571   Thumb Code    82  mainmenu.o(i.update_sensor_temp)
    update_sensor_val                        0x080095c9   Thumb Code   170  mainmenu.o(i.update_sensor_val)
    wave_show                                0x08009681   Thumb Code   114  mainmenu.o(i.wave_show)
    AHBPrescTable                            0x080098fc   Data          16  system_stm32f1xx.o(.constdata)
    APBPrescTable                            0x0800990c   Data           8  system_stm32f1xx.o(.constdata)
    __ctype_categories                       0x08009914   Data          64  ctype_c.o(.constdata)
    Region$$Table$$Base                      0x08009a8c   Number         0  anon$$obj.o(Region$$Table)
    Region$$Table$$Limit                     0x08009aac   Number         0  anon$$obj.o(Region$$Table)
    fontaddr                                 0x20000000   Data           4  lcd12864.o(.data)
    MenuManager                              0x20000004   Data           8  view_mgr.o(.data)
    HighlowAdjustment                        0x2000000c   Data           4  basicsetmenu.o(.data)
    HighlowAdjustmentBuf                     0x20000010   Data           7  basicsetmenu.o(.data)
    Range_Val                                0x20000018   Data          52  basicsetmenu.o(.data)
    Range                                    0x2000004c   Data          92  basicsetmenu.o(.data)
    HighlowAdjetMenu_Val                     0x200000a8   Data         104  basicsetmenu.o(.data)
    HighlowAdjetMenu                         0x20000110   Data          92  basicsetmenu.o(.data)
    BlindArea_Val                            0x2000016c   Data          52  basicsetmenu.o(.data)
    BlindArea                                0x200001a0   Data          92  basicsetmenu.o(.data)
    Distance_Val                             0x200001fc   Data          52  basicsetmenu.o(.data)
    Distance_Paranoia                        0x20000230   Data          92  basicsetmenu.o(.data)
    Materia_Val                              0x2000028c   Data          34  basicsetmenu.o(.data)
    MaterialProperties                       0x200002b0   Data          92  basicsetmenu.o(.data)
    CurrentOutPut_Val                        0x2000030c   Data          34  basicsetmenu.o(.data)
    CurrentOutPut                            0x20000330   Data          92  basicsetmenu.o(.data)
    WaveFollowing_Val                        0x2000038c   Data          34  basicsetmenu.o(.data)
    WaveFollowingSet                         0x200003b0   Data          92  basicsetmenu.o(.data)
    Gain_Val                                 0x2000040c   Data          52  basicsetmenu.o(.data)
    GainSet                                  0x20000440   Data          92  basicsetmenu.o(.data)
    WNT_Set_val                              0x2000049c   Data         104  basicsetmenu.o(.data)
    WNTSet                                   0x20000504   Data          92  basicsetmenu.o(.data)
    set_ok_flag                              0x20000560   Data           1  basicsetmenu.o(.data)
    amplitude                                0x20000564   Data           1  mainmenu.o(.data)
    WaveMenu                                 0x20000568   Data          92  mainmenu.o(.data)
    MainMenu                                 0x200005c4   Data          92  mainmenu.o(.data)
    ListMenu                                 0x20000620   Data          92  mainmenu.o(.data)
    AdvancedSetting                          0x2000067c   Data          92  mainmenu.o(.data)
    BasicSetMenu                             0x200006d8   Data          92  mainmenu.o(.data)
    ShowMenu                                 0x20000734   Data          92  mainmenu.o(.data)
    Service                                  0x20000790   Data          92  mainmenu.o(.data)
    Info                                     0x200007ec   Data          92  mainmenu.o(.data)
    disp_cursor_16x40                        0x20000848   Data         704  mainmenu.o(.data)
    baifenhao                                0x20000b08   Data           8  mainmenu.o(.data)
    triangle_sign                            0x20000b10   Data           8  mainmenu.o(.data)
    unit                                     0x20000b18   Data          32  mainmenu.o(.data)
    disp_cursor_16x8                         0x20000b38   Data          88  mainmenu.o(.data)
    Progress_box                             0x20000b90   Data          80  mainmenu.o(.data)
    data_temp                                0x20000be0   Data          80  mainmenu.o(.data)
    jindu                                    0x20000c30   Data          14  mainmenu.o(.data)
    thermometer                              0x20000c3e   Data         105  mainmenu.o(.data)
    Ordinate                                 0x20000ca7   Data          40  mainmenu.o(.data)
    Abscissa                                 0x20000ccf   Data         120  mainmenu.o(.data)
    val                                      0x20000d47   Data           4  mainmenu.o(.data)
    boxin_dm                                 0x20000d4b   Data           8  mainmenu.o(.data)
    boxin_Adb                                0x20000d53   Data           8  mainmenu.o(.data)
    test_buf                                 0x20000d5b   Data        1024  mainmenu.o(.data)
    current_sr_val                           0x2000115b   Data         128  mainmenu.o(.data)
    current_len                              0x200011dc   Data           4  mainmenu.o(.data)
    time_out_cnt                             0x200011e0   Data           1  mainmenu.o(.data)
    Current_Temperature                      0x200011e2   Data           2  mainmenu.o(.data)
    ADC_ConvertedValue                       0x200011e4   Data           2  mainmenu.o(.data)
    Language_Val                             0x200011e8   Data          34  showmenu.o(.data)
    Language                                 0x2000120c   Data          92  showmenu.o(.data)
    Curve_RangeMenu_Val                      0x20001268   Data         104  showmenu.o(.data)
    Curve_RangeMenu                          0x200012d0   Data          92  showmenu.o(.data)
    CompanyArea_Val                          0x2000132c   Data          34  showmenu.o(.data)
    CompanyArea                              0x20001350   Data          92  showmenu.o(.data)
    Show_Contents_Val                        0x200013ac   Data          34  showmenu.o(.data)
    Show_Contents                            0x200013d0   Data          92  showmenu.o(.data)
    Amplitude_Range_Val                      0x2000142c   Data         104  showmenu.o(.data)
    Amplitude_Range                          0x20001494   Data          92  showmenu.o(.data)
    ClutterUpdate                            0x200014f0   Data          92  advanced_setting.o(.data)
    ThresholdSettings_Val                    0x2000154c   Data          52  advanced_setting.o(.data)
    ThresholdSettings                        0x20001580   Data          92  advanced_setting.o(.data)
    LocalSettings1_Val                       0x200015dc   Data         104  advanced_setting.o(.data)
    LocalSettings1                           0x20001644   Data          92  advanced_setting.o(.data)
    LocalSettings2_Val                       0x200016a0   Data         104  advanced_setting.o(.data)
    LocalSettings2                           0x20001708   Data          92  advanced_setting.o(.data)
    LocalSettings3_Val                       0x20001764   Data         104  advanced_setting.o(.data)
    LocalSettings3                           0x200017cc   Data          92  advanced_setting.o(.data)
    NoSignalOutput_Val                       0x20001828   Data          34  advanced_setting.o(.data)
    NoSignalOutput                           0x2000184c   Data          92  advanced_setting.o(.data)
    DampingTime_Val                          0x200018a8   Data          52  advanced_setting.o(.data)
    DampingTime                              0x200018dc   Data          92  advanced_setting.o(.data)
    DampingCoefficient_val                   0x20001938   Data          52  advanced_setting.o(.data)
    DampingCoefficient                       0x2000196c   Data          92  advanced_setting.o(.data)
    cnt_start                                0x200019c8   Data           4  main.o(.data)
    cnt_end                                  0x200019cc   Data           4  main.o(.data)
    cnt                                      0x200019d0   Data           4  main.o(.data)
    start_cnt                                0x200019d4   Data           4  main.o(.data)
    tmp_val                                  0x200019d8   Data           2  main.o(.data)
    uwTick                                   0x200019dc   Data           4  stm32f1xx_hal.o(.data)
    uwTickPrio                               0x200019e0   Data           4  stm32f1xx_hal.o(.data)
    uwTickFreq                               0x200019e4   Data           1  stm32f1xx_hal.o(.data)
    SystemCoreClock                          0x200019e8   Data           4  system_stm32f1xx.o(.data)
    g_data_max                               0x200019ec   Data           2  uart.o(.data)
    g_new_dis                                0x200019f0   Data           4  uart.o(.data)
    g_max_db                                 0x200019f4   Data           4  uart.o(.data)
    key_val                                  0x200019f8   Data           1  key.o(.data)
    clear                                    0x20001a00   Data          80  mainmenu.o(.bss)
    hadc1                                    0x20001a50   Data          48  main.o(.bss)
    hdma_adc1                                0x20001a80   Data          68  main.o(.bss)
    hiwdg                                    0x20001ac4   Data          12  main.o(.bss)
    htim1                                    0x20001ad0   Data          72  main.o(.bss)
    huart1                                   0x20001b18   Data          68  main.o(.bss)
    hdma_usart1_rx                           0x20001b5c   Data          68  main.o(.bss)
    hdma_usart1_tx                           0x20001ba0   Data          68  main.o(.bss)
    g_uart_dma_buf                           0x20001be4   Data        1024  uart.o(.bss)
    out_data                                 0x20005034   Data        1024  uart.o(.bss)
    __initial_sp                             0x20006438   Data           0  startup_stm32f103xe.o(STACK)



==============================================================================

Memory Map of the image

  Image Entry point : 0x08000131

  Load Region LR_IROM1 (Base: 0x08000000, Size: 0x0000b4ac, Max: 0x00080000, ABSOLUTE, COMPRESSED[0x00009efc])

    Execution Region ER_IROM1 (Exec base: 0x08000000, Load base: 0x08000000, Size: 0x00009aac, Max: 0x00080000, ABSOLUTE)

    Exec Addr    Load Addr    Size         Type   Attr      Idx    E Section Name        Object

    0x08000000   0x08000000   0x00000130   Data   RO            3    RESET               startup_stm32f103xe.o
    0x08000130   0x08000130   0x00000000   Code   RO         3915  * .ARM.Collect$$$$00000000  mc_w.l(entry.o)
    0x08000130   0x08000130   0x00000004   Code   RO         4251    .ARM.Collect$$$$00000001  mc_w.l(entry2.o)
    0x08000134   0x08000134   0x00000004   Code   RO         4254    .ARM.Collect$$$$00000004  mc_w.l(entry5.o)
    0x08000138   0x08000138   0x00000000   Code   RO         4256    .ARM.Collect$$$$00000008  mc_w.l(entry7b.o)
    0x08000138   0x08000138   0x00000000   Code   RO         4258    .ARM.Collect$$$$0000000A  mc_w.l(entry8b.o)
    0x08000138   0x08000138   0x00000008   Code   RO         4259    .ARM.Collect$$$$0000000B  mc_w.l(entry9a.o)
    0x08000140   0x08000140   0x00000004   Code   RO         4266    .ARM.Collect$$$$0000000E  mc_w.l(entry12b.o)
    0x08000144   0x08000144   0x00000000   Code   RO         4261    .ARM.Collect$$$$0000000F  mc_w.l(entry10a.o)
    0x08000144   0x08000144   0x00000000   Code   RO         4263    .ARM.Collect$$$$00000011  mc_w.l(entry11a.o)
    0x08000144   0x08000144   0x00000004   Code   RO         4252    .ARM.Collect$$$$00002712  mc_w.l(entry2.o)
    0x08000148   0x08000148   0x00000024   Code   RO            4    .text               startup_stm32f103xe.o
    0x0800016c   0x0800016c   0x00000020   Code   RO         3918    .text               mc_w.l(llushr.o)
    0x0800018c   0x0800018c   0x00000024   Code   RO         3920    .text               mc_w.l(memcpya.o)
    0x080001b0   0x080001b0   0x00000024   Code   RO         3922    .text               mc_w.l(memseta.o)
    0x080001d4   0x080001d4   0x0000000e   Code   RO         3924    .text               mc_w.l(strlen.o)
    0x080001e2   0x080001e2   0x0000001e   Code   RO         3926    .text               mc_w.l(strncmp.o)
    0x08000200   0x08000200   0x000000b0   Code   RO         4219    .text               mf_w.l(fadd.o)
    0x080002b0   0x080002b0   0x00000064   Code   RO         4221    .text               mf_w.l(fmul.o)
    0x08000314   0x08000314   0x0000007c   Code   RO         4223    .text               mf_w.l(fdiv.o)
    0x08000390   0x08000390   0x0000014e   Code   RO         4225    .text               mf_w.l(dadd.o)
    0x080004de   0x080004de   0x000000e4   Code   RO         4227    .text               mf_w.l(dmul.o)
    0x080005c2   0x080005c2   0x000000de   Code   RO         4229    .text               mf_w.l(ddiv.o)
    0x080006a0   0x080006a0   0x00000012   Code   RO         4231    .text               mf_w.l(fflti.o)
    0x080006b2   0x080006b2   0x0000000a   Code   RO         4233    .text               mf_w.l(ffltui.o)
    0x080006bc   0x080006bc   0x0000001a   Code   RO         4235    .text               mf_w.l(dfltui.o)
    0x080006d6   0x080006d6   0x00000032   Code   RO         4237    .text               mf_w.l(ffixi.o)
    0x08000708   0x08000708   0x00000028   Code   RO         4239    .text               mf_w.l(ffixui.o)
    0x08000730   0x08000730   0x00000032   Code   RO         4241    .text               mf_w.l(dfixui.o)
    0x08000762   0x08000762   0x00000026   Code   RO         4243    .text               mf_w.l(f2d.o)
    0x08000788   0x08000788   0x00000030   Code   RO         4245    .text               mf_w.l(cdcmple.o)
    0x080007b8   0x080007b8   0x00000030   Code   RO         4247    .text               mf_w.l(cdrcmple.o)
    0x080007e8   0x080007e8   0x00000038   Code   RO         4249    .text               mf_w.l(d2f.o)
    0x08000820   0x08000820   0x0000002c   Code   RO         4270    .text               mc_w.l(uidiv.o)
    0x0800084c   0x0800084c   0x00000062   Code   RO         4272    .text               mc_w.l(uldiv.o)
    0x080008ae   0x080008ae   0x0000001e   Code   RO         4274    .text               mc_w.l(llshl.o)
    0x080008cc   0x080008cc   0x00000024   Code   RO         4276    .text               mc_w.l(llsshr.o)
    0x080008f0   0x080008f0   0x0000009c   Code   RO         4287    .text               mc_w.l(strtod.o)
    0x0800098c   0x0800098c   0x00000000   Code   RO         4289    .text               mc_w.l(iusefp.o)
    0x0800098c   0x0800098c   0x0000006e   Code   RO         4290    .text               mf_w.l(fepilogue.o)
    0x080009fa   0x080009fa   0x000000ba   Code   RO         4292    .text               mf_w.l(depilogue.o)
    0x08000ab4   0x08000ab4   0x00000030   Code   RO         4294    .text               mf_w.l(dfixul.o)
    0x08000ae4   0x08000ae4   0x00000024   Code   RO         4296    .text               mc_w.l(init.o)
    0x08000b08   0x08000b08   0x0000000a   Code   RO         4299    .text               mc_w.l(isspace_c.o)
    0x08000b12   0x08000b12   0x00000002   PAD
    0x08000b14   0x08000b14   0x00000360   Code   RO         4301    .text               mc_w.l(scanf_fp.o)
    0x08000e74   0x08000e74   0x00000040   Code   RO         4305    .text               mc_w.l(_sgetc.o)
    0x08000eb4   0x08000eb4   0x00000028   Code   RO         4308    .text               mc_w.l(ctype_c.o)
    0x08000edc   0x08000edc   0x00000018   Code   RO         4311    .text               mf_w.l(dfltul.o)
    0x08000ef4   0x08000ef4   0x00000056   Code   RO         4321    .text               mc_w.l(__dczerorl2.o)
    0x08000f4a   0x08000f4a   0x0000005c   Code   RO         3488    i.ADC_ConversionStop_Disable  stm32f1xx_hal_adc.o
    0x08000fa6   0x08000fa6   0x00000052   Code   RO         3489    i.ADC_DMAConvCplt   stm32f1xx_hal_adc.o
    0x08000ff8   0x08000ff8   0x0000001e   Code   RO         3490    i.ADC_DMAError      stm32f1xx_hal_adc.o
    0x08001016   0x08001016   0x0000000e   Code   RO         3491    i.ADC_DMAHalfConvCplt  stm32f1xx_hal_adc.o
    0x08001024   0x08001024   0x00000090   Code   RO         3492    i.ADC_Enable        stm32f1xx_hal_adc.o
    0x080010b4   0x080010b4   0x0000013c   Code   RO          718    i.AdvSetFunc        advanced_setting.o
    0x080011f0   0x080011f0   0x00000108   Code   RO          719    i.AdvSettMenuInit   advanced_setting.o
    0x080012f8   0x080012f8   0x00000348   Code   RO          649    i.Amplitude_Range_Func  showmenu.o
    0x08001640   0x08001640   0x0000013c   Code   RO          347    i.BasicSetFunc      basicsetmenu.o
    0x0800177c   0x0800177c   0x0000012c   Code   RO          348    i.BasicSetMenuInit  basicsetmenu.o
    0x080018a8   0x080018a8   0x000002a8   Code   RO          349    i.BlindFunc         basicsetmenu.o
    0x08001b50   0x08001b50   0x00000004   Code   RO          903    i.BusFault_Handler  stm32f1xx_it.o
    0x08001b54   0x08001b54   0x0000013c   Code   RO          720    i.ClutterUpdateFunc  advanced_setting.o
    0x08001c90   0x08001c90   0x0000012c   Code   RO          650    i.CompanyAreaFunc   showmenu.o
    0x08001dbc   0x08001dbc   0x0000010c   Code   RO          350    i.CurrentOutPuFunc  basicsetmenu.o
    0x08001ec8   0x08001ec8   0x00000348   Code   RO          651    i.Curve_RangeMenuFunc  showmenu.o
    0x08002210   0x08002210   0x00000010   Code   RO          904    i.DMA1_Channel4_IRQHandler  stm32f1xx_it.o
    0x08002220   0x08002220   0x00000010   Code   RO          905    i.DMA1_Channel5_IRQHandler  stm32f1xx_it.o
    0x08002230   0x08002230   0x0000002c   Code   RO         2865    i.DMA_SetConfig     stm32f1xx_hal_dma.o
    0x0800225c   0x0800225c   0x000002ac   Code   RO          721    i.DampingCoefficientFunc  advanced_setting.o
    0x08002508   0x08002508   0x000002ac   Code   RO          722    i.DampingTimeFunc   advanced_setting.o
    0x080027b4   0x080027b4   0x00000002   Code   RO          906    i.DebugMon_Handler  stm32f1xx_it.o
    0x080027b6   0x080027b6   0x00000002   PAD
    0x080027b8   0x080027b8   0x00000344   Code   RO          351    i.DistanceFunc      basicsetmenu.o
    0x08002afc   0x08002afc   0x0000006c   Code   RO          907    i.EXTI9_5_IRQHandler  stm32f1xx_it.o
    0x08002b68   0x08002b68   0x00000002   Code   RO          822    i.Error_Handler     main.o
    0x08002b6a   0x08002b6a   0x00000002   PAD
    0x08002b6c   0x08002b6c   0x000000e8   Code   RO          459    i.FToStr1           mainmenu.o
    0x08002c54   0x08002c54   0x0000000e   Code   RO          264    i.Fun               view_mgr.o
    0x08002c62   0x08002c62   0x00000002   PAD
    0x08002c64   0x08002c64   0x00000348   Code   RO          352    i.GainFunc          basicsetmenu.o
    0x08002fac   0x08002fac   0x00000118   Code   RO         3668    i.HAL_ADCEx_Calibration_Start  stm32f1xx_hal_adc_ex.o
    0x080030c4   0x080030c4   0x00000160   Code   RO         3494    i.HAL_ADC_ConfigChannel  stm32f1xx_hal_adc.o
    0x08003224   0x08003224   0x00000002   Code   RO         3495    i.HAL_ADC_ConvCpltCallback  stm32f1xx_hal_adc.o
    0x08003226   0x08003226   0x00000002   Code   RO         3496    i.HAL_ADC_ConvHalfCpltCallback  stm32f1xx_hal_adc.o
    0x08003228   0x08003228   0x00000002   Code   RO         3498    i.HAL_ADC_ErrorCallback  stm32f1xx_hal_adc.o
    0x0800322a   0x0800322a   0x00000002   PAD
    0x0800322c   0x0800322c   0x00000160   Code   RO         3503    i.HAL_ADC_Init      stm32f1xx_hal_adc.o
    0x0800338c   0x0800338c   0x0000008c   Code   RO         1005    i.HAL_ADC_MspInit   stm32f1xx_hal_msp.o
    0x08003418   0x08003418   0x00000180   Code   RO         3510    i.HAL_ADC_Start_DMA  stm32f1xx_hal_adc.o
    0x08003598   0x08003598   0x00000056   Code   RO         2866    i.HAL_DMA_Abort     stm32f1xx_hal_dma.o
    0x080035ee   0x080035ee   0x00000002   PAD
    0x080035f0   0x080035f0   0x000001a8   Code   RO         2867    i.HAL_DMA_Abort_IT  stm32f1xx_hal_dma.o
    0x08003798   0x08003798   0x00000398   Code   RO         2871    i.HAL_DMA_IRQHandler  stm32f1xx_hal_dma.o
    0x08003b30   0x08003b30   0x0000008c   Code   RO         2872    i.HAL_DMA_Init      stm32f1xx_hal_dma.o
    0x08003bbc   0x08003bbc   0x0000009c   Code   RO         2876    i.HAL_DMA_Start_IT  stm32f1xx_hal_dma.o
    0x08003c58   0x08003c58   0x00000028   Code   RO         2489    i.HAL_Delay         stm32f1xx_hal.o
    0x08003c80   0x08003c80   0x00000002   Code   RO         2800    i.HAL_GPIO_EXTI_Callback  stm32f1xx_hal_gpio.o
    0x08003c82   0x08003c82   0x00000002   PAD
    0x08003c84   0x08003c84   0x0000001c   Code   RO         2801    i.HAL_GPIO_EXTI_IRQHandler  stm32f1xx_hal_gpio.o
    0x08003ca0   0x08003ca0   0x00000340   Code   RO         2802    i.HAL_GPIO_Init     stm32f1xx_hal_gpio.o
    0x08003fe0   0x08003fe0   0x00000010   Code   RO         2804    i.HAL_GPIO_ReadPin  stm32f1xx_hal_gpio.o
    0x08003ff0   0x08003ff0   0x0000000c   Code   RO         2806    i.HAL_GPIO_WritePin  stm32f1xx_hal_gpio.o
    0x08003ffc   0x08003ffc   0x0000000c   Code   RO         2493    i.HAL_GetTick       stm32f1xx_hal.o
    0x08004008   0x08004008   0x00000018   Code   RO         2499    i.HAL_IncTick       stm32f1xx_hal.o
    0x08004020   0x08004020   0x00000028   Code   RO         2500    i.HAL_Init          stm32f1xx_hal.o
    0x08004048   0x08004048   0x0000004c   Code   RO         2501    i.HAL_InitTick      stm32f1xx_hal.o
    0x08004094   0x08004094   0x00000040   Code   RO         1006    i.HAL_MspInit       stm32f1xx_hal_msp.o
    0x080040d4   0x080040d4   0x00000020   Code   RO         2962    i.HAL_NVIC_EnableIRQ  stm32f1xx_hal_cortex.o
    0x080040f4   0x080040f4   0x0000007c   Code   RO         2968    i.HAL_NVIC_SetPriority  stm32f1xx_hal_cortex.o
    0x08004170   0x08004170   0x00000028   Code   RO         2969    i.HAL_NVIC_SetPriorityGrouping  stm32f1xx_hal_cortex.o
    0x08004198   0x08004198   0x00000134   Code   RO         2764    i.HAL_RCCEx_GetPeriphCLKFreq  stm32f1xx_hal_rcc_ex.o
    0x080042cc   0x080042cc   0x0000018c   Code   RO         2657    i.HAL_RCC_ClockConfig  stm32f1xx_hal_rcc.o
    0x08004458   0x08004458   0x0000000c   Code   RO         2662    i.HAL_RCC_GetHCLKFreq  stm32f1xx_hal_rcc.o
    0x08004464   0x08004464   0x00000020   Code   RO         2664    i.HAL_RCC_GetPCLK1Freq  stm32f1xx_hal_rcc.o
    0x08004484   0x08004484   0x00000020   Code   RO         2665    i.HAL_RCC_GetPCLK2Freq  stm32f1xx_hal_rcc.o
    0x080044a4   0x080044a4   0x00000094   Code   RO         2666    i.HAL_RCC_GetSysClockFreq  stm32f1xx_hal_rcc.o
    0x08004538   0x08004538   0x00000464   Code   RO         2669    i.HAL_RCC_OscConfig  stm32f1xx_hal_rcc.o
    0x0800499c   0x0800499c   0x00000034   Code   RO         2973    i.HAL_SYSTICK_Config  stm32f1xx_hal_cortex.o
    0x080049d0   0x080049d0   0x00000002   Code   RO         2126    i.HAL_UARTEx_RxEventCallback  stm32f1xx_hal_uart.o
    0x080049d2   0x080049d2   0x0000007e   Code   RO         2137    i.HAL_UART_DMAResume  stm32f1xx_hal_uart.o
    0x08004a50   0x08004a50   0x00000066   Code   RO         2138    i.HAL_UART_DMAStop  stm32f1xx_hal_uart.o
    0x08004ab6   0x08004ab6   0x00000002   Code   RO         2140    i.HAL_UART_ErrorCallback  stm32f1xx_hal_uart.o
    0x08004ab8   0x08004ab8   0x0000024c   Code   RO         2143    i.HAL_UART_IRQHandler  stm32f1xx_hal_uart.o
    0x08004d04   0x08004d04   0x00000072   Code   RO         2144    i.HAL_UART_Init     stm32f1xx_hal_uart.o
    0x08004d76   0x08004d76   0x00000002   PAD
    0x08004d78   0x08004d78   0x00000108   Code   RO         1010    i.HAL_UART_MspInit  stm32f1xx_hal_msp.o
    0x08004e80   0x08004e80   0x00000042   Code   RO         2148    i.HAL_UART_Receive_DMA  stm32f1xx_hal_uart.o
    0x08004ec2   0x08004ec2   0x00000002   Code   RO         2150    i.HAL_UART_RxCpltCallback  stm32f1xx_hal_uart.o
    0x08004ec4   0x08004ec4   0x00000002   Code   RO         2151    i.HAL_UART_RxHalfCpltCallback  stm32f1xx_hal_uart.o
    0x08004ec6   0x08004ec6   0x000000d2   Code   RO         2152    i.HAL_UART_Transmit  stm32f1xx_hal_uart.o
    0x08004f98   0x08004f98   0x00000002   Code   RO         2155    i.HAL_UART_TxCpltCallback  stm32f1xx_hal_uart.o
    0x08004f9a   0x08004f9a   0x00000004   Code   RO          908    i.HardFault_Handler  stm32f1xx_it.o
    0x08004f9e   0x08004f9e   0x00000002   PAD
    0x08004fa0   0x08004fa0   0x00000348   Code   RO          353    i.HighlowAdjFunc    basicsetmenu.o
    0x080052e8   0x080052e8   0x0000009c   Code   RO         3880    i.KEY_Scan          key.o
    0x08005384   0x08005384   0x00000060   Code   RO         3881    i.Key_Init          key.o
    0x080053e4   0x080053e4   0x0000010c   Code   RO          652    i.LanguageFunc      showmenu.o
    0x080054f0   0x080054f0   0x0000013c   Code   RO          460    i.ListMenuFunc      mainmenu.o
    0x0800562c   0x0800562c   0x00000320   Code   RO          723    i.LocalSettings1Func  advanced_setting.o
    0x0800594c   0x0800594c   0x00000320   Code   RO          724    i.LocalSettings2Func  advanced_setting.o
    0x08005c6c   0x08005c6c   0x00000320   Code   RO          725    i.LocalSettings3Func  advanced_setting.o
    0x08005f8c   0x08005f8c   0x00000060   Code   RO          823    i.MX_ADC1_Init      main.o
    0x08005fec   0x08005fec   0x00000024   Code   RO          824    i.MX_DMA_Init       main.o
    0x08006010   0x08006010   0x000000ac   Code   RO          825    i.MX_GPIO_Init      main.o
    0x080060bc   0x080060bc   0x00000048   Code   RO          828    i.MX_USART1_UART_Init  main.o
    0x08006104   0x08006104   0x00000068   Code   RO          461    i.MainMeunuInit     mainmenu.o
    0x0800616c   0x0800616c   0x00000124   Code   RO          355    i.MaterialFunc      basicsetmenu.o
    0x08006290   0x08006290   0x00000004   Code   RO          909    i.MemManage_Handler  stm32f1xx_it.o
    0x08006294   0x08006294   0x00000002   Code   RO          910    i.NMI_Handler       stm32f1xx_it.o
    0x08006296   0x08006296   0x00000002   PAD
    0x08006298   0x08006298   0x00000124   Code   RO          726    i.NoSignalOutputFunc  advanced_setting.o
    0x080063bc   0x080063bc   0x00000002   Code   RO          911    i.PendSV_Handler    stm32f1xx_it.o
    0x080063be   0x080063be   0x00000002   PAD
    0x080063c0   0x080063c0   0x00000028   Code   RO         2670    i.RCC_Delay         stm32f1xx_hal_rcc.o
    0x080063e8   0x080063e8   0x000002a8   Code   RO          356    i.RangeFunc         basicsetmenu.o
    0x08006690   0x08006690   0x00000002   Code   RO          912    i.SVC_Handler       stm32f1xx_it.o
    0x08006692   0x08006692   0x00000002   PAD
    0x08006694   0x08006694   0x0000013c   Code   RO          653    i.ShowFunc          showmenu.o
    0x080067d0   0x080067d0   0x000000b4   Code   RO          654    i.ShowMenuInit      showmenu.o
    0x08006884   0x08006884   0x0000010c   Code   RO          655    i.Show_Contents_Func  showmenu.o
    0x08006990   0x08006990   0x00000008   Code   RO          913    i.SysTick_Handler   stm32f1xx_it.o
    0x08006998   0x08006998   0x00000050   Code   RO          829    i.SystemClock_Config  main.o
    0x080069e8   0x080069e8   0x00000002   Code   RO         3765    i.SystemInit        system_stm32f1xx.o
    0x080069ea   0x080069ea   0x00000002   PAD
    0x080069ec   0x080069ec   0x000002ac   Code   RO          727    i.ThresholdSettingsFunc  advanced_setting.o
    0x08006c98   0x08006c98   0x00000014   Code   RO         2157    i.UART_DMAAbortOnError  stm32f1xx_hal_uart.o
    0x08006cac   0x08006cac   0x00000050   Code   RO         2158    i.UART_DMAError     stm32f1xx_hal_uart.o
    0x08006cfc   0x08006cfc   0x00000068   Code   RO         2159    i.UART_DMAReceiveCplt  stm32f1xx_hal_uart.o
    0x08006d64   0x08006d64   0x00000020   Code   RO         2161    i.UART_DMARxHalfCplt  stm32f1xx_hal_uart.o
    0x08006d84   0x08006d84   0x00000036   Code   RO         2167    i.UART_EndRxTransfer  stm32f1xx_hal_uart.o
    0x08006dba   0x08006dba   0x00000020   Code   RO         2168    i.UART_EndTransmit_IT  stm32f1xx_hal_uart.o
    0x08006dda   0x08006dda   0x00000014   Code   RO         2169    i.UART_EndTxTransfer  stm32f1xx_hal_uart.o
    0x08006dee   0x08006dee   0x000000e4   Code   RO         2170    i.UART_Receive_IT   stm32f1xx_hal_uart.o
    0x08006ed2   0x08006ed2   0x00000002   PAD
    0x08006ed4   0x08006ed4   0x000000fc   Code   RO         2171    i.UART_SetConfig    stm32f1xx_hal_uart.o
    0x08006fd0   0x08006fd0   0x00000098   Code   RO         2172    i.UART_Start_Receive_DMA  stm32f1xx_hal_uart.o
    0x08007068   0x08007068   0x00000060   Code   RO         2174    i.UART_Transmit_IT  stm32f1xx_hal_uart.o
    0x080070c8   0x080070c8   0x0000006c   Code   RO         2175    i.UART_WaitOnFlagUntilTimeout  stm32f1xx_hal_uart.o
    0x08007134   0x08007134   0x000000a0   Code   RO         3825    i.USART1_IRQHandler  uart.o
    0x080071d4   0x080071d4   0x00000004   Code   RO          914    i.UsageFault_Handler  stm32f1xx_it.o
    0x080071d8   0x080071d8   0x00000368   Code   RO          357    i.WNTSetFunc        basicsetmenu.o
    0x08007540   0x08007540   0x000000fc   Code   RO          358    i.WaveFollowingFunc  basicsetmenu.o
    0x0800763c   0x0800763c   0x00000028   Code   RO         4165    i.__0sprintf        mc_w.l(printfa.o)
    0x08007664   0x08007664   0x00000010   Code   RO         2975    i.__NVIC_GetPriorityGrouping  stm32f1xx_hal_cortex.o
    0x08007674   0x08007674   0x00000028   Code   RO         2976    i.__NVIC_SetPriority  stm32f1xx_hal_cortex.o
    0x0800769c   0x0800769c   0x0000000c   Code   RO         4281    i.__read_errno      mc_w.l(errno.o)
    0x080076a8   0x080076a8   0x0000000e   Code   RO         4315    i.__scatterload_copy  mc_w.l(handlers.o)
    0x080076b6   0x080076b6   0x00000002   Code   RO         4316    i.__scatterload_null  mc_w.l(handlers.o)
    0x080076b8   0x080076b8   0x0000000e   Code   RO         4317    i.__scatterload_zeroinit  mc_w.l(handlers.o)
    0x080076c6   0x080076c6   0x00000002   PAD
    0x080076c8   0x080076c8   0x0000000c   Code   RO         4282    i.__set_errno       mc_w.l(errno.o)
    0x080076d4   0x080076d4   0x00000184   Code   RO         4170    i._fp_digits        mc_w.l(printfa.o)
    0x08007858   0x08007858   0x0000000e   Code   RO         4303    i._is_digit         mc_w.l(scanf_fp.o)
    0x08007866   0x08007866   0x00000002   PAD
    0x08007868   0x08007868   0x000006b4   Code   RO         4171    i._printf_core      mc_w.l(printfa.o)
    0x08007f1c   0x08007f1c   0x00000024   Code   RO         4172    i._printf_post_padding  mc_w.l(printfa.o)
    0x08007f40   0x08007f40   0x0000002e   Code   RO         4173    i._printf_pre_padding  mc_w.l(printfa.o)
    0x08007f6e   0x08007f6e   0x0000000a   Code   RO         4175    i._sputc            mc_w.l(printfa.o)
    0x08007f78   0x08007f78   0x0000002a   Code   RO         3912    i.atof              m_ws.l(atof.o)
    0x08007fa2   0x08007fa2   0x00000032   Code   RO          463    i.clear_16x8        mainmenu.o
    0x08007fd4   0x08007fd4   0x00000036   Code   RO          464    i.clear_jindutiao   mainmenu.o
    0x0800800a   0x0800800a   0x0000002a   Code   RO           13    i.clear_screen      lcd12864.o
    0x08008034   0x08008034   0x00000016   Code   RO           14    i.delay             lcd12864.o
    0x0800804a   0x0800804a   0x00000016   Code   RO           15    i.delay_us          lcd12864.o
    0x08008060   0x08008060   0x0000003c   Code   RO          465    i.disp_blink_16x40  mainmenu.o
    0x0800809c   0x0800809c   0x0000003c   Code   RO          467    i.disp_blink_16x8   mainmenu.o
    0x080080d8   0x080080d8   0x0000003c   Code   RO          468    i.disp_blink_35x24  mainmenu.o
    0x08008114   0x08008114   0x0000003c   Code   RO          469    i.disp_blink_40x8   mainmenu.o
    0x08008150   0x08008150   0x0000003c   Code   RO          470    i.disp_blink_8x120  mainmenu.o
    0x0800818c   0x0800818c   0x00000114   Code   RO           17    i.display_GB2312_string  lcd12864.o
    0x080082a0   0x080082a0   0x000000f0   Code   RO           18    i.display_Signle_GB2312_string  lcd12864.o
    0x08008390   0x08008390   0x00000064   Code   RO           23    i.display_string_5x8  lcd12864.o
    0x080083f4   0x080083f4   0x000000ec   Code   RO          266    i.displaymenu       view_mgr.o
    0x080084e0   0x080084e0   0x000000a0   Code   RO           24    i.get_and_write_16x16  lcd12864.o
    0x08008580   0x08008580   0x00000064   Code   RO           25    i.get_and_write_5x8  lcd12864.o
    0x080085e4   0x080085e4   0x000000a0   Code   RO           26    i.get_and_write_8x16  lcd12864.o
    0x08008684   0x08008684   0x0000004c   Code   RO           27    i.get_data_from_ROM  lcd12864.o
    0x080086d0   0x080086d0   0x0000009c   Code   RO           28    i.initial_lcd       lcd12864.o
    0x0800876c   0x0800876c   0x00000038   Code   RO          798    i.jysf              crc.o
    0x080087a4   0x080087a4   0x00000026   Code   RO           29    i.lcd_address       lcd12864.o
    0x080087ca   0x080087ca   0x0000005e   Code   RO         3798    i.list_in           list.o
    0x08008828   0x08008828   0x00000038   Code   RO         3799    i.list_init         list.o
    0x08008860   0x08008860   0x00000066   Code   RO         3800    i.list_out          list.o
    0x080088c6   0x080088c6   0x00000002   PAD
    0x080088c8   0x080088c8   0x00000078   Code   RO          830    i.main              main.o
    0x08008940   0x08008940   0x000000dc   Code   RO          474    i.main_menu_func    mainmenu.o
    0x08008a1c   0x08008a1c   0x000000e4   Code   RO          475    i.main_page_init    mainmenu.o
    0x08008b00   0x08008b00   0x00000024   Code   RO          267    i.menu_looper       view_mgr.o
    0x08008b24   0x08008b24   0x00000018   Code   RO          268    i.meunu_init        view_mgr.o
    0x08008b3c   0x08008b3c   0x0000003c   Code   RO          476    i.point             mainmenu.o
    0x08008b78   0x08008b78   0x000001a4   Code   RO          477    i.progress_bar_show  mainmenu.o
    0x08008d1c   0x08008d1c   0x00000058   Code   RO           30    i.send_command_to_ROM  lcd12864.o
    0x08008d74   0x08008d74   0x000001ec   Code   RO          478    i.show_boxin_page   mainmenu.o
    0x08008f60   0x08008f60   0x00000024   Code   RO          479    i.show_main_page    mainmenu.o
    0x08008f84   0x08008f84   0x00000068   Code   RO           31    i.transfer_command_lcd  lcd12864.o
    0x08008fec   0x08008fec   0x00000068   Code   RO           32    i.transfer_data     lcd12864.o
    0x08009054   0x08009054   0x00000068   Code   RO           33    i.transfer_data_lcd  lcd12864.o
    0x080090bc   0x080090bc   0x00000024   Code   RO         3826    i.uart_init         uart.o
    0x080090e0   0x080090e0   0x00000298   Code   RO         3827    i.uart_process_data  uart.o
    0x08009378   0x08009378   0x00000028   Code   RO         3828    i.uart_receive_idle  uart.o
    0x080093a0   0x080093a0   0x000001d0   Code   RO          481    i.update_sensor_progress  mainmenu.o
    0x08009570   0x08009570   0x00000058   Code   RO          482    i.update_sensor_temp  mainmenu.o
    0x080095c8   0x080095c8   0x000000b8   Code   RO          483    i.update_sensor_val  mainmenu.o
    0x08009680   0x08009680   0x0000007c   Code   RO          484    i.wave_show         mainmenu.o
    0x080096fc   0x080096fc   0x00000200   Data   RO          799    .constdata          crc.o
    0x080098fc   0x080098fc   0x00000018   Data   RO         3766    .constdata          system_stm32f1xx.o
    0x08009914   0x08009914   0x00000040   Data   RO         4309    .constdata          mc_w.l(ctype_c.o)
    0x08009954   0x08009954   0x00000056   Data   RO          360    .conststrlit        basicsetmenu.o
    0x080099aa   0x080099aa   0x00000002   PAD
    0x080099ac   0x080099ac   0x0000004a   Data   RO          486    .conststrlit        mainmenu.o
    0x080099f6   0x080099f6   0x00000002   PAD
    0x080099f8   0x080099f8   0x00000032   Data   RO          656    .conststrlit        showmenu.o
    0x08009a2a   0x08009a2a   0x00000002   PAD
    0x08009a2c   0x08009a2c   0x0000005e   Data   RO          728    .conststrlit        advanced_setting.o
    0x08009a8a   0x08009a8a   0x00000002   PAD
    0x08009a8c   0x08009a8c   0x00000020   Data   RO         4313    Region$$Table       anon$$obj.o


    Execution Region RW_IRAM1 (Exec base: 0x20000000, Load base: 0x08009aac, Size: 0x00006438, Max: 0x00010000, ABSOLUTE, COMPRESSED[0x00000450])

    Exec Addr    Load Addr    Size         Type   Attr      Idx    E Section Name        Object

    0x20000000   COMPRESSED   0x00000004   Data   RW           34    .data               lcd12864.o
    0x20000004   COMPRESSED   0x00000008   Data   RW          269    .data               view_mgr.o
    0x2000000c   COMPRESSED   0x00000555   Data   RW          361    .data               basicsetmenu.o
    0x20000561   COMPRESSED   0x00000003   PAD
    0x20000564   COMPRESSED   0x00000c82   Data   RW          487    .data               mainmenu.o
    0x200011e6   COMPRESSED   0x00000002   PAD
    0x200011e8   COMPRESSED   0x00000308   Data   RW          657    .data               showmenu.o
    0x200014f0   COMPRESSED   0x000004d8   Data   RW          729    .data               advanced_setting.o
    0x200019c8   COMPRESSED   0x00000012   Data   RW          832    .data               main.o
    0x200019da   COMPRESSED   0x00000002   PAD
    0x200019dc   COMPRESSED   0x00000009   Data   RW         2507    .data               stm32f1xx_hal.o
    0x200019e5   COMPRESSED   0x00000003   PAD
    0x200019e8   COMPRESSED   0x00000004   Data   RW         3767    .data               system_stm32f1xx.o
    0x200019ec   COMPRESSED   0x0000000c   Data   RW         3831    .data               uart.o
    0x200019f8   COMPRESSED   0x00000001   Data   RW         3883    .data               key.o
    0x200019f9   COMPRESSED   0x00000003   PAD
    0x200019fc   COMPRESSED   0x00000004   Data   RW         4283    .data               mc_w.l(errno.o)
    0x20001a00        -       0x00000050   Zero   RW          485    .bss                mainmenu.o
    0x20001a50        -       0x00000194   Zero   RW          831    .bss                main.o
    0x20001be4        -       0x00003850   Zero   RW         3830    .bss                uart.o
    0x20005434   COMPRESSED   0x00000004   PAD
    0x20005438        -       0x00001000   Zero   RW            1    STACK               startup_stm32f103xe.o


==============================================================================

Image component sizes


      Code (inc. data)   RO Data    RW Data    ZI Data      Debug   Object Name

      5640        194         94       1240          0       9242   advanced_setting.o
      6176        252         86       1365          0      10947   basicsetmenu.o
        56          8        512          0          0       1195   crc.o
       252         22          0          1          0       1626   key.o
      1792         74          0          4          0     520747   lcd12864.o
       252          0          0          0          0       2365   list.o
       578         58          0         18        404       4599   main.o
      3372        290         74       3202         80      17031   mainmenu.o
      3012        192         50        776          0       6108   showmenu.o
        36          8        304          0       4096        796   startup_stm32f103xe.o
       192         36          0          9          0       6441   stm32f1xx_hal.o
      1456         58          0          0          0       8282   stm32f1xx_hal_adc.o
       280          4          0          0          0       1446   stm32f1xx_hal_adc_ex.o
       304         22          0          0          0      29367   stm32f1xx_hal_cortex.o
      1770         28          0          0          0       5242   stm32f1xx_hal_dma.o
       890         44          0          0          0       4435   stm32f1xx_hal_gpio.o
       468         48          0          0          0       2341   stm32f1xx_hal_msp.o
      1784        110          0          0          0       5952   stm32f1xx_hal_rcc.o
       308         32          0          0          0       1413   stm32f1xx_hal_rcc_ex.o
      2394         24          0          0          0      16058   stm32f1xx_hal_uart.o
       172         18          0          0          0       5713   stm32f1xx_it.o
         2          0         24          4          0       1075   system_stm32f1xx.o
       900        140          0         12      14416       3640   uart.o
       310         14          0          8          0       3653   view_mgr.o

    ----------------------------------------------------------------------
     32424       1676       1184       6652      19000     669714   Object Totals
         0          0         32          0          0          0   (incl. Generated)
        28          0          8         13          4          0   (incl. Padding)

    ----------------------------------------------------------------------

      Code (inc. data)   RO Data    RW Data    ZI Data      Debug   Library Member Name

        42          0          0          0          0         84   atof.o
        86          0          0          0          0          0   __dczerorl2.o
        64          0          0          0          0         84   _sgetc.o
        40          6         64          0          0         68   ctype_c.o
         0          0          0          0          0          0   entry.o
         0          0          0          0          0          0   entry10a.o
         0          0          0          0          0          0   entry11a.o
         4          0          0          0          0          0   entry12b.o
         8          4          0          0          0          0   entry2.o
         4          0          0          0          0          0   entry5.o
         0          0          0          0          0          0   entry7b.o
         0          0          0          0          0          0   entry8b.o
         8          4          0          0          0          0   entry9a.o
        24         12          0          4          0        136   errno.o
        30          0          0          0          0          0   handlers.o
        36          8          0          0          0         68   init.o
        10          0          0          0          0         68   isspace_c.o
         0          0          0          0          0          0   iusefp.o
        30          0          0          0          0         68   llshl.o
        36          0          0          0          0         68   llsshr.o
        32          0          0          0          0         68   llushr.o
        36          0          0          0          0         68   memcpya.o
        36          0          0          0          0        108   memseta.o
      2236         86          0          0          0        532   printfa.o
       878         12          0          0          0        216   scanf_fp.o
        14          0          0          0          0         68   strlen.o
        30          0          0          0          0         80   strncmp.o
       156         12          0          0          0        120   strtod.o
        44          0          0          0          0         80   uidiv.o
        98          0          0          0          0         92   uldiv.o
        48          0          0          0          0         68   cdcmple.o
        48          0          0          0          0         68   cdrcmple.o
        56          0          0          0          0         88   d2f.o
       334          0          0          0          0        148   dadd.o
       222          0          0          0          0        100   ddiv.o
       186          0          0          0          0        176   depilogue.o
        50          0          0          0          0         76   dfixui.o
        48          0          0          0          0         68   dfixul.o
        26          0          0          0          0         76   dfltui.o
        24          0          0          0          0         76   dfltul.o
       228          0          0          0          0         96   dmul.o
        38          0          0          0          0         68   f2d.o
       176          0          0          0          0        140   fadd.o
       124          0          0          0          0         88   fdiv.o
       110          0          0          0          0        168   fepilogue.o
        50          0          0          0          0         68   ffixi.o
        40          0          0          0          0         68   ffixui.o
        18          0          0          0          0         68   fflti.o
        10          0          0          0          0         68   ffltui.o
       100          0          0          0          0         76   fmul.o

    ----------------------------------------------------------------------
      5924        144         64          4          0       3928   Library Totals
         6          0          0          0          0          0   (incl. Padding)

    ----------------------------------------------------------------------

      Code (inc. data)   RO Data    RW Data    ZI Data      Debug   Library Name

        42          0          0          0          0         84   m_ws.l
      3940        144         64          4          0       1992   mc_w.l
      1936          0          0          0          0       1852   mf_w.l

    ----------------------------------------------------------------------
      5924        144         64          4          0       3928   Library Totals

    ----------------------------------------------------------------------

==============================================================================


      Code (inc. data)   RO Data    RW Data    ZI Data      Debug   

     38348       1820       1248       6656      19000     663370   Grand Totals
     38348       1820       1248       1104      19000     663370   ELF Image Totals (compressed)
     38348       1820       1248       1104          0          0   ROM Totals

==============================================================================

    Total RO  Size (Code + RO Data)                39596 (  38.67kB)
    Total RW  Size (RW Data + ZI Data)             25656 (  25.05kB)
    Total ROM Size (Code + RO Data + RW Data)      40700 (  39.75kB)

==============================================================================

