<html>
<body>
<pre>
<h1>µVision Build Log</h1>
<h2>Tool Versions:</h2>
IDE-Version: ¦ÌVision V5.33.0.0
Copyright (C) 2020 ARM Ltd and ARM Germany GmbH. All rights reserved.
License Information: adfad Administrator, sdf, LIC=MPPLD-8KJQY-01BP1-CBJH3-ZVPYL-9J1CM
 
Tool Versions:
Toolchain:       MDK-ARM Plus  Version: 5.33.0.0
Toolchain Path:  C:\Keil_v5\ARM\ARMCC\Bin
C Compiler:      Armcc.exe V5.06 update 7 (build 960)
Assembler:       Armasm.exe V5.06 update 7 (build 960)
Linker/Locator:  ArmLink.exe V5.06 update 7 (build 960)
Library Manager: ArmAr.exe V5.06 update 7 (build 960)
Hex Converter:   FromElf.exe V5.06 update 7 (build 960)
CPU DLL:         SARMCM3.DLL V5.33.0.0
Dialog DLL:      DCM.DLL V1.17.3.0
Target DLL:      Segger\JL2CM3.dll V2.99.38.0
Dialog DLL:      TCM.DLL V1.48.0.0
 
<h2>Project:</h2>
C:\Users\Administrator\Desktop\LCD_v0.7_18_25\MDK-ARM\LCD.uvprojx
Project File Date:  10/30/2022

<h2>Output:</h2>
*** Using Compiler 'V5.06 update 7 (build 960)', folder: 'C:\Keil_v5\ARM\ARMCC\Bin'
Build target 'LCD'
compiling MainMenu.c...
..\LCD\view_mgr.h(76): warning:  #1295-D: Deprecated declaration displaymenu - give arg types
  void displaymenu();
..\LCD\MainMenu.c(318): warning:  #550-D: variable "data_temp"  was set but never used
  	uchar i,j,*data_temp;
..\LCD\MainMenu.c(626): warning:  #167-D: argument of type "char *" is incompatible with parameter of type "unsigned char *"
  	display_string_5x8(1,92,boxin_dm);
..\LCD\MainMenu.c(631): warning:  #167-D: argument of type "char *" is incompatible with parameter of type "unsigned char *"
  	display_string_5x8(3,100,boxin_Adb);
..\LCD\MainMenu.c(1036): warning:  #550-D: variable "tmp_val"  was set but never used
  	float tmp_val = 0.0;
..\LCD\MainMenu.c: 5 warnings, 0 errors
linking...
Program Size: Code=38348 RO-data=1248 RW-data=6656 ZI-data=19000  
FromELF: creating hex file...
After Build - User command #1: fromelf --bin --output .\LCD\LCD.bin .\LCD\LCD.axf
"LCD\LCD.axf" - 0 Error(s), 5 Warning(s).

<h2>Software Packages used:</h2>

Package Vendor: ARM
                http://www.keil.com/pack/ARM.CMSIS.5.7.0.pack
                ARM.CMSIS.5.7.0
                CMSIS (Cortex Microcontroller Software Interface Standard)
   * Component: CORE Version: 5.4.0

Package Vendor: Keil
                http://www.keil.com/pack/Keil.STM32F1xx_DFP.2.3.0.pack
                Keil.STM32F1xx_DFP.2.3.0
                STMicroelectronics STM32F1 Series Device Support, Drivers and Examples

<h2>Collection of Component include folders:</h2>
  .\RTE\_LCD
  C:\Users\Administrator\AppData\Local\Arm\Packs\ARM\CMSIS\5.7.0\CMSIS\Core\Include
  C:\Users\Administrator\AppData\Local\Arm\Packs\Keil\STM32F1xx_DFP\2.3.0\Device\Include

<h2>Collection of Component Files used:</h2>

   * Component: ARM::CMSIS:CORE:5.4.0
Build Time Elapsed:  00:00:04
</pre>
</body>
</html>
